ARM GAS  C:\Users\ADSTRU~1\AppData\Local\Temp\ccuaREeQ.s 			page 1


   1              		.syntax unified
   2              		.cpu cortex-m0plus
   3              		.fpu softvfp
   4              		.eabi_attribute 20, 1
   5              		.eabi_attribute 21, 1
   6              		.eabi_attribute 23, 3
   7              		.eabi_attribute 24, 1
   8              		.eabi_attribute 25, 1
   9              		.eabi_attribute 26, 1
  10              		.eabi_attribute 30, 1
  11              		.eabi_attribute 34, 0
  12              		.eabi_attribute 18, 4
  13              		.thumb
  14              		.syntax unified
  15              		.file	"main.c"
  16              		.text
  17              	.Ltext0:
  18              		.cfi_sections	.debug_frame
  19              		.section	.text.main,"ax",%progbits
  20              		.align	2
  21              		.global	main
  22              		.code	16
  23              		.thumb_func
  24              		.type	main, %function
  25              	main:
  26              	.LFB34:
  27              		.file 1 "main.c"
   1:main.c        **** #include "project.h"
   2:main.c        **** #include <stdio.h>
   3:main.c        **** 
   4:main.c        **** int main(void)
   5:main.c        **** {
  28              		.loc 1 5 0
  29              		.cfi_startproc
  30              		@ args = 0, pretend = 0, frame = 16
  31              		@ frame_needed = 0, uses_anonymous_args = 0
  32 0000 70B5     		push	{r4, r5, r6, lr}
  33              		.cfi_def_cfa_offset 16
  34              		.cfi_offset 4, -16
  35              		.cfi_offset 5, -12
  36              		.cfi_offset 6, -8
  37              		.cfi_offset 14, -4
  38 0002 84B0     		sub	sp, sp, #16
  39              		.cfi_def_cfa_offset 32
  40              	.LVL0:
   6:main.c        ****     uint16 slidervalue;
   7:main.c        ****     uint16 oldslidervalue = 0xFFFF;
   8:main.c        ****     char msg[16];
   9:main.c        ****     
  10:main.c        ****     CyGlobalIntEnable;
  41              		.loc 1 10 0
  42              		.syntax divided
  43              	@ 10 "main.c" 1
  44 0004 62B6     		CPSIE   i
  45              	@ 0 "" 2
  46              		.thumb
  47              		.syntax unified
ARM GAS  C:\Users\ADSTRU~1\AppData\Local\Temp\ccuaREeQ.s 			page 2


  48              	.LBB4:
  49              	.LBB5:
  50              		.file 2 "Generated_Source\\PSoC4/cmsis_gcc.h"
   1:Generated_Source\PSoC4/cmsis_gcc.h **** /**************************************************************************//**
   2:Generated_Source\PSoC4/cmsis_gcc.h ****  * @file     cmsis_gcc.h
   3:Generated_Source\PSoC4/cmsis_gcc.h ****  * @brief    CMSIS Cortex-M Core Function/Instruction Header File
   4:Generated_Source\PSoC4/cmsis_gcc.h ****  * @version  V5.00
   5:Generated_Source\PSoC4/cmsis_gcc.h ****  * @date     28. October 2016
   6:Generated_Source\PSoC4/cmsis_gcc.h ****  ******************************************************************************/
   7:Generated_Source\PSoC4/cmsis_gcc.h **** /*
   8:Generated_Source\PSoC4/cmsis_gcc.h ****  * Copyright (c) 2009-2016 ARM Limited. All rights reserved.
   9:Generated_Source\PSoC4/cmsis_gcc.h ****  *
  10:Generated_Source\PSoC4/cmsis_gcc.h ****  * SPDX-License-Identifier: Apache-2.0
  11:Generated_Source\PSoC4/cmsis_gcc.h ****  *
  12:Generated_Source\PSoC4/cmsis_gcc.h ****  * Licensed under the Apache License, Version 2.0 (the License); you may
  13:Generated_Source\PSoC4/cmsis_gcc.h ****  * not use this file except in compliance with the License.
  14:Generated_Source\PSoC4/cmsis_gcc.h ****  * You may obtain a copy of the License at
  15:Generated_Source\PSoC4/cmsis_gcc.h ****  *
  16:Generated_Source\PSoC4/cmsis_gcc.h ****  * http://www.apache.org/licenses/LICENSE-2.0
  17:Generated_Source\PSoC4/cmsis_gcc.h ****  *
  18:Generated_Source\PSoC4/cmsis_gcc.h ****  * Unless required by applicable law or agreed to in writing, software
  19:Generated_Source\PSoC4/cmsis_gcc.h ****  * distributed under the License is distributed on an AS IS BASIS, WITHOUT
  20:Generated_Source\PSoC4/cmsis_gcc.h ****  * WARRANTIES OR CONDITIONS OF ANY KIND, either express or implied.
  21:Generated_Source\PSoC4/cmsis_gcc.h ****  * See the License for the specific language governing permissions and
  22:Generated_Source\PSoC4/cmsis_gcc.h ****  * limitations under the License.
  23:Generated_Source\PSoC4/cmsis_gcc.h ****  */
  24:Generated_Source\PSoC4/cmsis_gcc.h **** 
  25:Generated_Source\PSoC4/cmsis_gcc.h **** #ifndef __CMSIS_GCC_H
  26:Generated_Source\PSoC4/cmsis_gcc.h **** #define __CMSIS_GCC_H
  27:Generated_Source\PSoC4/cmsis_gcc.h **** 
  28:Generated_Source\PSoC4/cmsis_gcc.h **** /* ignore some GCC warnings */
  29:Generated_Source\PSoC4/cmsis_gcc.h **** #pragma GCC diagnostic push
  30:Generated_Source\PSoC4/cmsis_gcc.h **** #pragma GCC diagnostic ignored "-Wsign-conversion"
  31:Generated_Source\PSoC4/cmsis_gcc.h **** #pragma GCC diagnostic ignored "-Wconversion"
  32:Generated_Source\PSoC4/cmsis_gcc.h **** #pragma GCC diagnostic ignored "-Wunused-parameter"
  33:Generated_Source\PSoC4/cmsis_gcc.h **** 
  34:Generated_Source\PSoC4/cmsis_gcc.h **** /* CMSIS compiler specific defines */
  35:Generated_Source\PSoC4/cmsis_gcc.h **** #ifndef   __ASM
  36:Generated_Source\PSoC4/cmsis_gcc.h ****   #define __ASM                     __asm
  37:Generated_Source\PSoC4/cmsis_gcc.h **** #endif
  38:Generated_Source\PSoC4/cmsis_gcc.h **** #ifndef   __INLINE
  39:Generated_Source\PSoC4/cmsis_gcc.h ****   #define __INLINE                  inline
  40:Generated_Source\PSoC4/cmsis_gcc.h **** #endif
  41:Generated_Source\PSoC4/cmsis_gcc.h **** #ifndef   __STATIC_INLINE
  42:Generated_Source\PSoC4/cmsis_gcc.h ****   #define __STATIC_INLINE           static inline
  43:Generated_Source\PSoC4/cmsis_gcc.h **** #endif
  44:Generated_Source\PSoC4/cmsis_gcc.h **** #ifndef   __NO_RETURN
  45:Generated_Source\PSoC4/cmsis_gcc.h ****   #define __NO_RETURN               __attribute__((noreturn))
  46:Generated_Source\PSoC4/cmsis_gcc.h **** #endif
  47:Generated_Source\PSoC4/cmsis_gcc.h **** #ifndef   __USED
  48:Generated_Source\PSoC4/cmsis_gcc.h ****   #define __USED                    __attribute__((used))
  49:Generated_Source\PSoC4/cmsis_gcc.h **** #endif
  50:Generated_Source\PSoC4/cmsis_gcc.h **** #ifndef   _WEAK
  51:Generated_Source\PSoC4/cmsis_gcc.h ****   #define __WEAK                    __attribute__((weak))
  52:Generated_Source\PSoC4/cmsis_gcc.h **** #endif
  53:Generated_Source\PSoC4/cmsis_gcc.h **** #ifndef   __UNALIGNED_UINT32
  54:Generated_Source\PSoC4/cmsis_gcc.h ****   struct __attribute__((packed)) T_UINT32 { uint32_t v; };
ARM GAS  C:\Users\ADSTRU~1\AppData\Local\Temp\ccuaREeQ.s 			page 3


  55:Generated_Source\PSoC4/cmsis_gcc.h ****   #define __UNALIGNED_UINT32(x)     (((struct T_UINT32 *)(x))->v)
  56:Generated_Source\PSoC4/cmsis_gcc.h **** #endif
  57:Generated_Source\PSoC4/cmsis_gcc.h **** #ifndef   __ALIGNED
  58:Generated_Source\PSoC4/cmsis_gcc.h ****   #define __ALIGNED(x)              __attribute__((aligned(x)))
  59:Generated_Source\PSoC4/cmsis_gcc.h **** #endif
  60:Generated_Source\PSoC4/cmsis_gcc.h **** #ifndef   __PACKED
  61:Generated_Source\PSoC4/cmsis_gcc.h ****   #define __PACKED                  __attribute__((packed, aligned(1)))
  62:Generated_Source\PSoC4/cmsis_gcc.h **** #endif
  63:Generated_Source\PSoC4/cmsis_gcc.h **** 
  64:Generated_Source\PSoC4/cmsis_gcc.h **** 
  65:Generated_Source\PSoC4/cmsis_gcc.h **** /* ###########################  Core Function Access  ########################### */
  66:Generated_Source\PSoC4/cmsis_gcc.h **** /** \ingroup  CMSIS_Core_FunctionInterface
  67:Generated_Source\PSoC4/cmsis_gcc.h ****     \defgroup CMSIS_Core_RegAccFunctions CMSIS Core Register Access Functions
  68:Generated_Source\PSoC4/cmsis_gcc.h ****   @{
  69:Generated_Source\PSoC4/cmsis_gcc.h ****  */
  70:Generated_Source\PSoC4/cmsis_gcc.h **** 
  71:Generated_Source\PSoC4/cmsis_gcc.h **** /**
  72:Generated_Source\PSoC4/cmsis_gcc.h ****   \brief   Enable IRQ Interrupts
  73:Generated_Source\PSoC4/cmsis_gcc.h ****   \details Enables IRQ interrupts by clearing the I-bit in the CPSR.
  74:Generated_Source\PSoC4/cmsis_gcc.h ****            Can only be executed in Privileged modes.
  75:Generated_Source\PSoC4/cmsis_gcc.h ****  */
  76:Generated_Source\PSoC4/cmsis_gcc.h **** __attribute__((always_inline)) __STATIC_INLINE void __enable_irq(void)
  77:Generated_Source\PSoC4/cmsis_gcc.h **** {
  78:Generated_Source\PSoC4/cmsis_gcc.h ****   __ASM volatile ("cpsie i" : : : "memory");
  51              		.loc 2 78 0
  52              		.syntax divided
  53              	@ 78 "Generated_Source\PSoC4/cmsis_gcc.h" 1
  54 0006 62B6     		cpsie i
  55              	@ 0 "" 2
  56              		.thumb
  57              		.syntax unified
  58              	.LBE5:
  59              	.LBE4:
  11:main.c        ****     
  12:main.c        ****    // UART_Init();
  13:main.c        ****     
  14:main.c        ****     __enable_irq();
  15:main.c        ****     UART_Start();
  60              		.loc 1 15 0
  61 0008 FFF7FEFF 		bl	UART_Start
  62              	.LVL1:
  16:main.c        ****     CapSense_Start();
  63              		.loc 1 16 0
  64 000c FFF7FEFF 		bl	CapSense_Start
  65              	.LVL2:
  17:main.c        ****     CapSense_ScanAllWidgets();
  66              		.loc 1 17 0
  67 0010 FFF7FEFF 		bl	CapSense_ScanAllWidgets
  68              	.LVL3:
  18:main.c        ****     UART_UartPutString("Started\n");
  69              		.loc 1 18 0
  70 0014 3148     		ldr	r0, .L11
  71 0016 FFF7FEFF 		bl	UART_UartPutString
  72              	.LVL4:
   7:main.c        ****     char msg[16];
  73              		.loc 1 7 0
  74 001a 314E     		ldr	r6, .L11+4
ARM GAS  C:\Users\ADSTRU~1\AppData\Local\Temp\ccuaREeQ.s 			page 4


  75              	.LVL5:
  76              	.L2:
  19:main.c        **** 
  20:main.c        ****     
  21:main.c        ****     for(;;)
  22:main.c        ****     {
  23:main.c        ****         if(!CapSense_IsBusy())
  77              		.loc 1 23 0
  78 001c FFF7FEFF 		bl	CapSense_IsBusy
  79              	.LVL6:
  80 0020 0028     		cmp	r0, #0
  81 0022 FBD1     		bne	.L2
  24:main.c        ****         {   
  25:main.c        ****             CapSense_ProcessAllWidgets();
  82              		.loc 1 25 0
  83 0024 FFF7FEFF 		bl	CapSense_ProcessAllWidgets
  84              	.LVL7:
  26:main.c        ****             slidervalue = CapSense_GetCentroidPos(CapSense_LINEARSLIDER0_WDGT_ID);
  85              		.loc 1 26 0
  86 0028 0020     		movs	r0, #0
  87 002a FFF7FEFF 		bl	CapSense_GetCentroidPos
  88              	.LVL8:
  89 002e 0500     		movs	r5, r0
  90 0030 84B2     		uxth	r4, r0
  91              	.LVL9:
  27:main.c        ****             
  28:main.c        ****             if (slidervalue != 0xFFFF)
  92              		.loc 1 28 0
  93 0032 2B4B     		ldr	r3, .L11+4
  94 0034 9C42     		cmp	r4, r3
  95 0036 2CD0     		beq	.L3
  29:main.c        ****             {   
  30:main.c        ****                 // turning off all leds after scrolling a slider
  31:main.c        ****                 LED_Slider_1_Write(1);
  96              		.loc 1 31 0
  97 0038 0120     		movs	r0, #1
  98 003a FFF7FEFF 		bl	LED_Slider_1_Write
  99              	.LVL10:
  32:main.c        ****                 LED_Slider_2_Write(1);
 100              		.loc 1 32 0
 101 003e 0120     		movs	r0, #1
 102 0040 FFF7FEFF 		bl	LED_Slider_2_Write
 103              	.LVL11:
  33:main.c        ****                 LED_Slider_3_Write(1);
 104              		.loc 1 33 0
 105 0044 0120     		movs	r0, #1
 106 0046 FFF7FEFF 		bl	LED_Slider_3_Write
 107              	.LVL12:
  34:main.c        ****                 LED_Slider_4_Write(1);
 108              		.loc 1 34 0
 109 004a 0120     		movs	r0, #1
 110 004c FFF7FEFF 		bl	LED_Slider_4_Write
 111              	.LVL13:
  35:main.c        ****                 LED_Slider_5_Write(1);
 112              		.loc 1 35 0
 113 0050 0120     		movs	r0, #1
 114 0052 FFF7FEFF 		bl	LED_Slider_5_Write
ARM GAS  C:\Users\ADSTRU~1\AppData\Local\Temp\ccuaREeQ.s 			page 5


 115              	.LVL14:
  36:main.c        ****                 
  37:main.c        ****                 if (slidervalue > 80)
 116              		.loc 1 37 0
 117 0056 502C     		cmp	r4, #80
 118 0058 03D9     		bls	.L4
  38:main.c        ****                     LED_Slider_1_Write(0); 
 119              		.loc 1 38 0
 120 005a 0020     		movs	r0, #0
 121 005c FFF7FEFF 		bl	LED_Slider_1_Write
 122              	.LVL15:
 123 0060 26E0     		b	.L5
 124              	.L4:
  39:main.c        ****                 else if (slidervalue > 60)
 125              		.loc 1 39 0
 126 0062 3C2C     		cmp	r4, #60
 127 0064 03D9     		bls	.L6
  40:main.c        ****                     LED_Slider_2_Write(0); 
 128              		.loc 1 40 0
 129 0066 0020     		movs	r0, #0
 130 0068 FFF7FEFF 		bl	LED_Slider_2_Write
 131              	.LVL16:
 132 006c 20E0     		b	.L5
 133              	.L6:
  41:main.c        ****                 else if (slidervalue > 40)
 134              		.loc 1 41 0
 135 006e 282C     		cmp	r4, #40
 136 0070 03D9     		bls	.L7
  42:main.c        ****                     LED_Slider_3_Write(0);
 137              		.loc 1 42 0
 138 0072 0020     		movs	r0, #0
 139 0074 FFF7FEFF 		bl	LED_Slider_3_Write
 140              	.LVL17:
 141 0078 1AE0     		b	.L5
 142              	.L7:
  43:main.c        ****                 else if (slidervalue > 20)
 143              		.loc 1 43 0
 144 007a 142C     		cmp	r4, #20
 145 007c 03D9     		bls	.L8
  44:main.c        ****                     LED_Slider_4_Write(0);
 146              		.loc 1 44 0
 147 007e 0020     		movs	r0, #0
 148 0080 FFF7FEFF 		bl	LED_Slider_4_Write
 149              	.LVL18:
 150 0084 14E0     		b	.L5
 151              	.L8:
  45:main.c        ****                 else if (slidervalue > 0)
 152              		.loc 1 45 0
 153 0086 002C     		cmp	r4, #0
 154 0088 12D0     		beq	.L5
  46:main.c        ****                     LED_Slider_5_Write(0);
 155              		.loc 1 46 0
 156 008a 0020     		movs	r0, #0
 157 008c FFF7FEFF 		bl	LED_Slider_5_Write
 158              	.LVL19:
 159 0090 0EE0     		b	.L5
 160              	.L3:
ARM GAS  C:\Users\ADSTRU~1\AppData\Local\Temp\ccuaREeQ.s 			page 6


  47:main.c        ****             }
  48:main.c        ****             else
  49:main.c        ****             {
  50:main.c        ****                 // if no capsense touched - all led are turn off
  51:main.c        ****                 LED_Slider_1_Write(1);
 161              		.loc 1 51 0
 162 0092 0120     		movs	r0, #1
 163 0094 FFF7FEFF 		bl	LED_Slider_1_Write
 164              	.LVL20:
  52:main.c        ****                 LED_Slider_2_Write(1);
 165              		.loc 1 52 0
 166 0098 0120     		movs	r0, #1
 167 009a FFF7FEFF 		bl	LED_Slider_2_Write
 168              	.LVL21:
  53:main.c        ****                 LED_Slider_3_Write(1);
 169              		.loc 1 53 0
 170 009e 0120     		movs	r0, #1
 171 00a0 FFF7FEFF 		bl	LED_Slider_3_Write
 172              	.LVL22:
  54:main.c        ****                 LED_Slider_4_Write(1);
 173              		.loc 1 54 0
 174 00a4 0120     		movs	r0, #1
 175 00a6 FFF7FEFF 		bl	LED_Slider_4_Write
 176              	.LVL23:
  55:main.c        ****                 LED_Slider_5_Write(1);
 177              		.loc 1 55 0
 178 00aa 0120     		movs	r0, #1
 179 00ac FFF7FEFF 		bl	LED_Slider_5_Write
 180              	.LVL24:
 181              	.L5:
  56:main.c        ****             }
  57:main.c        ****             
  58:main.c        ****             // output via uart
  59:main.c        ****             if(slidervalue != 0xFFFF && slidervalue != oldslidervalue)
 182              		.loc 1 59 0
 183 00b0 0B4B     		ldr	r3, .L11+4
 184 00b2 9C42     		cmp	r4, r3
 185 00b4 0ED0     		beq	.L9
 186              		.loc 1 59 0 is_stmt 0 discriminator 1
 187 00b6 A642     		cmp	r6, r4
 188 00b8 0CD0     		beq	.L9
  60:main.c        ****             {
  61:main.c        ****                 sprintf(msg, "Pos: %d\r\n", slidervalue);
 189              		.loc 1 61 0 is_stmt 1
 190 00ba 2A04     		lsls	r2, r5, #16
 191 00bc 120C     		lsrs	r2, r2, #16
 192 00be 0949     		ldr	r1, .L11+8
 193 00c0 6846     		mov	r0, sp
 194 00c2 FFF7FEFF 		bl	sprintf
 195              	.LVL25:
  62:main.c        ****                 UART_UartPutString(msg);
 196              		.loc 1 62 0
 197 00c6 6846     		mov	r0, sp
 198 00c8 FFF7FEFF 		bl	UART_UartPutString
 199              	.LVL26:
  63:main.c        ****                 CyDelay(10);
 200              		.loc 1 63 0
ARM GAS  C:\Users\ADSTRU~1\AppData\Local\Temp\ccuaREeQ.s 			page 7


 201 00cc 0A20     		movs	r0, #10
 202 00ce FFF7FEFF 		bl	CyDelay
 203              	.LVL27:
  64:main.c        ****                 oldslidervalue = slidervalue;
 204              		.loc 1 64 0
 205 00d2 2600     		movs	r6, r4
 206              	.LVL28:
 207              	.L9:
  65:main.c        ****             }
  66:main.c        **** 
  67:main.c        ****             CapSense_ScanAllWidgets();
 208              		.loc 1 67 0
 209 00d4 FFF7FEFF 		bl	CapSense_ScanAllWidgets
 210              	.LVL29:
 211 00d8 A0E7     		b	.L2
 212              	.L12:
 213 00da C046     		.align	2
 214              	.L11:
 215 00dc 00000000 		.word	.LC0
 216 00e0 FFFF0000 		.word	65535
 217 00e4 0C000000 		.word	.LC2
 218              		.cfi_endproc
 219              	.LFE34:
 220              		.size	main, .-main
 221              		.section	.rodata.str1.4,"aMS",%progbits,1
 222              		.align	2
 223              	.LC0:
 224 0000 53746172 		.ascii	"Started\012\000"
 224      7465640A 
 224      00
 225 0009 000000   		.space	3
 226              	.LC2:
 227 000c 506F733A 		.ascii	"Pos: %d\015\012\000"
 227      2025640D 
 227      0A00
 228              		.text
 229              	.Letext0:
 230              		.file 3 "Generated_Source\\PSoC4/UART.h"
 231              		.file 4 "Generated_Source\\PSoC4/CapSense_Control.h"
 232              		.file 5 "Generated_Source\\PSoC4/CapSense_Sensing.h"
 233              		.file 6 "Generated_Source\\PSoC4/UART_SPI_UART.h"
 234              		.file 7 "Generated_Source\\PSoC4/CapSense_Structure.h"
 235              		.file 8 "Generated_Source\\PSoC4/LED_Slider_1.h"
 236              		.file 9 "Generated_Source\\PSoC4/LED_Slider_2.h"
 237              		.file 10 "Generated_Source\\PSoC4/LED_Slider_3.h"
 238              		.file 11 "Generated_Source\\PSoC4/LED_Slider_4.h"
 239              		.file 12 "Generated_Source\\PSoC4/LED_Slider_5.h"
 240              		.file 13 "c:\\program files (x86)\\cypress\\psoc creator\\4.4\\psoc creator\\import\\gnu\\arm\\5.4
 241              		.file 14 "Generated_Source\\PSoC4/CyLib.h"
 242              		.file 15 "Generated_Source\\PSoC4/cytypes.h"
 243              		.section	.debug_info,"",%progbits
 244              	.Ldebug_info0:
 245 0000 69030000 		.4byte	0x369
 246 0004 0400     		.2byte	0x4
 247 0006 00000000 		.4byte	.Ldebug_abbrev0
 248 000a 04       		.byte	0x4
 249 000b 01       		.uleb128 0x1
ARM GAS  C:\Users\ADSTRU~1\AppData\Local\Temp\ccuaREeQ.s 			page 8


 250 000c E6010000 		.4byte	.LASF30
 251 0010 0C       		.byte	0xc
 252 0011 A8010000 		.4byte	.LASF31
 253 0015 4D000000 		.4byte	.LASF32
 254 0019 00000000 		.4byte	.Ldebug_ranges0+0
 255 001d 00000000 		.4byte	0
 256 0021 00000000 		.4byte	.Ldebug_line0
 257 0025 02       		.uleb128 0x2
 258 0026 01       		.byte	0x1
 259 0027 06       		.byte	0x6
 260 0028 78020000 		.4byte	.LASF0
 261 002c 02       		.uleb128 0x2
 262 002d 01       		.byte	0x1
 263 002e 08       		.byte	0x8
 264 002f C3000000 		.4byte	.LASF1
 265 0033 02       		.uleb128 0x2
 266 0034 02       		.byte	0x2
 267 0035 05       		.byte	0x5
 268 0036 B4010000 		.4byte	.LASF2
 269 003a 02       		.uleb128 0x2
 270 003b 02       		.byte	0x2
 271 003c 07       		.byte	0x7
 272 003d F3000000 		.4byte	.LASF3
 273 0041 02       		.uleb128 0x2
 274 0042 04       		.byte	0x4
 275 0043 05       		.byte	0x5
 276 0044 CA010000 		.4byte	.LASF4
 277 0048 02       		.uleb128 0x2
 278 0049 04       		.byte	0x4
 279 004a 07       		.byte	0x7
 280 004b E1000000 		.4byte	.LASF5
 281 004f 02       		.uleb128 0x2
 282 0050 08       		.byte	0x8
 283 0051 05       		.byte	0x5
 284 0052 9A010000 		.4byte	.LASF6
 285 0056 02       		.uleb128 0x2
 286 0057 08       		.byte	0x8
 287 0058 07       		.byte	0x7
 288 0059 44010000 		.4byte	.LASF7
 289 005d 03       		.uleb128 0x3
 290 005e 04       		.byte	0x4
 291 005f 05       		.byte	0x5
 292 0060 696E7400 		.ascii	"int\000"
 293 0064 02       		.uleb128 0x2
 294 0065 04       		.byte	0x4
 295 0066 07       		.byte	0x7
 296 0067 24010000 		.4byte	.LASF8
 297 006b 04       		.uleb128 0x4
 298 006c 1D010000 		.4byte	.LASF33
 299 0070 0F       		.byte	0xf
 300 0071 FC01     		.2byte	0x1fc
 301 0073 3A000000 		.4byte	0x3a
 302 0077 02       		.uleb128 0x2
 303 0078 04       		.byte	0x4
 304 0079 04       		.byte	0x4
 305 007a 98000000 		.4byte	.LASF9
 306 007e 02       		.uleb128 0x2
ARM GAS  C:\Users\ADSTRU~1\AppData\Local\Temp\ccuaREeQ.s 			page 9


 307 007f 08       		.byte	0x8
 308 0080 04       		.byte	0x4
 309 0081 11010000 		.4byte	.LASF10
 310 0085 02       		.uleb128 0x2
 311 0086 01       		.byte	0x1
 312 0087 08       		.byte	0x8
 313 0088 AF010000 		.4byte	.LASF11
 314 008c 02       		.uleb128 0x2
 315 008d 08       		.byte	0x8
 316 008e 04       		.byte	0x4
 317 008f 85010000 		.4byte	.LASF12
 318 0093 02       		.uleb128 0x2
 319 0094 04       		.byte	0x4
 320 0095 07       		.byte	0x7
 321 0096 91010000 		.4byte	.LASF13
 322 009a 05       		.uleb128 0x5
 323 009b 9E000000 		.4byte	.LASF34
 324 009f 02       		.byte	0x2
 325 00a0 4C       		.byte	0x4c
 326 00a1 03       		.byte	0x3
 327 00a2 06       		.uleb128 0x6
 328 00a3 18010000 		.4byte	.LASF35
 329 00a7 01       		.byte	0x1
 330 00a8 04       		.byte	0x4
 331 00a9 5D000000 		.4byte	0x5d
 332 00ad 00000000 		.4byte	.LFB34
 333 00b1 E8000000 		.4byte	.LFE34-.LFB34
 334 00b5 01       		.uleb128 0x1
 335 00b6 9C       		.byte	0x9c
 336 00b7 C0020000 		.4byte	0x2c0
 337 00bb 07       		.uleb128 0x7
 338 00bc BE010000 		.4byte	.LASF14
 339 00c0 01       		.byte	0x1
 340 00c1 06       		.byte	0x6
 341 00c2 6B000000 		.4byte	0x6b
 342 00c6 01       		.uleb128 0x1
 343 00c7 54       		.byte	0x54
 344 00c8 08       		.uleb128 0x8
 345 00c9 5B010000 		.4byte	.LASF15
 346 00cd 01       		.byte	0x1
 347 00ce 07       		.byte	0x7
 348 00cf 6B000000 		.4byte	0x6b
 349 00d3 00000000 		.4byte	.LLST0
 350 00d7 09       		.uleb128 0x9
 351 00d8 6D736700 		.ascii	"msg\000"
 352 00dc 01       		.byte	0x1
 353 00dd 08       		.byte	0x8
 354 00de C0020000 		.4byte	0x2c0
 355 00e2 02       		.uleb128 0x2
 356 00e3 91       		.byte	0x91
 357 00e4 60       		.sleb128 -32
 358 00e5 0A       		.uleb128 0xa
 359 00e6 9A000000 		.4byte	0x9a
 360 00ea 06000000 		.4byte	.LBB4
 361 00ee 02000000 		.4byte	.LBE4-.LBB4
 362 00f2 01       		.byte	0x1
 363 00f3 0E       		.byte	0xe
ARM GAS  C:\Users\ADSTRU~1\AppData\Local\Temp\ccuaREeQ.s 			page 10


 364 00f4 0B       		.uleb128 0xb
 365 00f5 0C000000 		.4byte	.LVL1
 366 00f9 D0020000 		.4byte	0x2d0
 367 00fd 0B       		.uleb128 0xb
 368 00fe 10000000 		.4byte	.LVL2
 369 0102 DB020000 		.4byte	0x2db
 370 0106 0B       		.uleb128 0xb
 371 0107 14000000 		.4byte	.LVL3
 372 010b E6020000 		.4byte	0x2e6
 373 010f 0C       		.uleb128 0xc
 374 0110 1A000000 		.4byte	.LVL4
 375 0114 F1020000 		.4byte	0x2f1
 376 0118 26010000 		.4byte	0x126
 377 011c 0D       		.uleb128 0xd
 378 011d 01       		.uleb128 0x1
 379 011e 50       		.byte	0x50
 380 011f 05       		.uleb128 0x5
 381 0120 03       		.byte	0x3
 382 0121 00000000 		.4byte	.LC0
 383 0125 00       		.byte	0
 384 0126 0B       		.uleb128 0xb
 385 0127 20000000 		.4byte	.LVL6
 386 012b FD020000 		.4byte	0x2fd
 387 012f 0B       		.uleb128 0xb
 388 0130 28000000 		.4byte	.LVL7
 389 0134 08030000 		.4byte	0x308
 390 0138 0C       		.uleb128 0xc
 391 0139 2E000000 		.4byte	.LVL8
 392 013d 13030000 		.4byte	0x313
 393 0141 4B010000 		.4byte	0x14b
 394 0145 0D       		.uleb128 0xd
 395 0146 01       		.uleb128 0x1
 396 0147 50       		.byte	0x50
 397 0148 01       		.uleb128 0x1
 398 0149 30       		.byte	0x30
 399 014a 00       		.byte	0
 400 014b 0C       		.uleb128 0xc
 401 014c 3E000000 		.4byte	.LVL10
 402 0150 1F030000 		.4byte	0x31f
 403 0154 5E010000 		.4byte	0x15e
 404 0158 0D       		.uleb128 0xd
 405 0159 01       		.uleb128 0x1
 406 015a 50       		.byte	0x50
 407 015b 01       		.uleb128 0x1
 408 015c 31       		.byte	0x31
 409 015d 00       		.byte	0
 410 015e 0C       		.uleb128 0xc
 411 015f 44000000 		.4byte	.LVL11
 412 0163 2A030000 		.4byte	0x32a
 413 0167 71010000 		.4byte	0x171
 414 016b 0D       		.uleb128 0xd
 415 016c 01       		.uleb128 0x1
 416 016d 50       		.byte	0x50
 417 016e 01       		.uleb128 0x1
 418 016f 31       		.byte	0x31
 419 0170 00       		.byte	0
 420 0171 0C       		.uleb128 0xc
ARM GAS  C:\Users\ADSTRU~1\AppData\Local\Temp\ccuaREeQ.s 			page 11


 421 0172 4A000000 		.4byte	.LVL12
 422 0176 35030000 		.4byte	0x335
 423 017a 84010000 		.4byte	0x184
 424 017e 0D       		.uleb128 0xd
 425 017f 01       		.uleb128 0x1
 426 0180 50       		.byte	0x50
 427 0181 01       		.uleb128 0x1
 428 0182 31       		.byte	0x31
 429 0183 00       		.byte	0
 430 0184 0C       		.uleb128 0xc
 431 0185 50000000 		.4byte	.LVL13
 432 0189 40030000 		.4byte	0x340
 433 018d 97010000 		.4byte	0x197
 434 0191 0D       		.uleb128 0xd
 435 0192 01       		.uleb128 0x1
 436 0193 50       		.byte	0x50
 437 0194 01       		.uleb128 0x1
 438 0195 31       		.byte	0x31
 439 0196 00       		.byte	0
 440 0197 0C       		.uleb128 0xc
 441 0198 56000000 		.4byte	.LVL14
 442 019c 4B030000 		.4byte	0x34b
 443 01a0 AA010000 		.4byte	0x1aa
 444 01a4 0D       		.uleb128 0xd
 445 01a5 01       		.uleb128 0x1
 446 01a6 50       		.byte	0x50
 447 01a7 01       		.uleb128 0x1
 448 01a8 31       		.byte	0x31
 449 01a9 00       		.byte	0
 450 01aa 0C       		.uleb128 0xc
 451 01ab 60000000 		.4byte	.LVL15
 452 01af 1F030000 		.4byte	0x31f
 453 01b3 BD010000 		.4byte	0x1bd
 454 01b7 0D       		.uleb128 0xd
 455 01b8 01       		.uleb128 0x1
 456 01b9 50       		.byte	0x50
 457 01ba 01       		.uleb128 0x1
 458 01bb 30       		.byte	0x30
 459 01bc 00       		.byte	0
 460 01bd 0C       		.uleb128 0xc
 461 01be 6C000000 		.4byte	.LVL16
 462 01c2 2A030000 		.4byte	0x32a
 463 01c6 D0010000 		.4byte	0x1d0
 464 01ca 0D       		.uleb128 0xd
 465 01cb 01       		.uleb128 0x1
 466 01cc 50       		.byte	0x50
 467 01cd 01       		.uleb128 0x1
 468 01ce 30       		.byte	0x30
 469 01cf 00       		.byte	0
 470 01d0 0C       		.uleb128 0xc
 471 01d1 78000000 		.4byte	.LVL17
 472 01d5 35030000 		.4byte	0x335
 473 01d9 E3010000 		.4byte	0x1e3
 474 01dd 0D       		.uleb128 0xd
 475 01de 01       		.uleb128 0x1
 476 01df 50       		.byte	0x50
 477 01e0 01       		.uleb128 0x1
ARM GAS  C:\Users\ADSTRU~1\AppData\Local\Temp\ccuaREeQ.s 			page 12


 478 01e1 30       		.byte	0x30
 479 01e2 00       		.byte	0
 480 01e3 0C       		.uleb128 0xc
 481 01e4 84000000 		.4byte	.LVL18
 482 01e8 40030000 		.4byte	0x340
 483 01ec F6010000 		.4byte	0x1f6
 484 01f0 0D       		.uleb128 0xd
 485 01f1 01       		.uleb128 0x1
 486 01f2 50       		.byte	0x50
 487 01f3 01       		.uleb128 0x1
 488 01f4 30       		.byte	0x30
 489 01f5 00       		.byte	0
 490 01f6 0C       		.uleb128 0xc
 491 01f7 90000000 		.4byte	.LVL19
 492 01fb 4B030000 		.4byte	0x34b
 493 01ff 09020000 		.4byte	0x209
 494 0203 0D       		.uleb128 0xd
 495 0204 01       		.uleb128 0x1
 496 0205 50       		.byte	0x50
 497 0206 01       		.uleb128 0x1
 498 0207 30       		.byte	0x30
 499 0208 00       		.byte	0
 500 0209 0C       		.uleb128 0xc
 501 020a 98000000 		.4byte	.LVL20
 502 020e 1F030000 		.4byte	0x31f
 503 0212 1C020000 		.4byte	0x21c
 504 0216 0D       		.uleb128 0xd
 505 0217 01       		.uleb128 0x1
 506 0218 50       		.byte	0x50
 507 0219 01       		.uleb128 0x1
 508 021a 31       		.byte	0x31
 509 021b 00       		.byte	0
 510 021c 0C       		.uleb128 0xc
 511 021d 9E000000 		.4byte	.LVL21
 512 0221 2A030000 		.4byte	0x32a
 513 0225 2F020000 		.4byte	0x22f
 514 0229 0D       		.uleb128 0xd
 515 022a 01       		.uleb128 0x1
 516 022b 50       		.byte	0x50
 517 022c 01       		.uleb128 0x1
 518 022d 31       		.byte	0x31
 519 022e 00       		.byte	0
 520 022f 0C       		.uleb128 0xc
 521 0230 A4000000 		.4byte	.LVL22
 522 0234 35030000 		.4byte	0x335
 523 0238 42020000 		.4byte	0x242
 524 023c 0D       		.uleb128 0xd
 525 023d 01       		.uleb128 0x1
 526 023e 50       		.byte	0x50
 527 023f 01       		.uleb128 0x1
 528 0240 31       		.byte	0x31
 529 0241 00       		.byte	0
 530 0242 0C       		.uleb128 0xc
 531 0243 AA000000 		.4byte	.LVL23
 532 0247 40030000 		.4byte	0x340
 533 024b 55020000 		.4byte	0x255
 534 024f 0D       		.uleb128 0xd
ARM GAS  C:\Users\ADSTRU~1\AppData\Local\Temp\ccuaREeQ.s 			page 13


 535 0250 01       		.uleb128 0x1
 536 0251 50       		.byte	0x50
 537 0252 01       		.uleb128 0x1
 538 0253 31       		.byte	0x31
 539 0254 00       		.byte	0
 540 0255 0C       		.uleb128 0xc
 541 0256 B0000000 		.4byte	.LVL24
 542 025a 4B030000 		.4byte	0x34b
 543 025e 68020000 		.4byte	0x268
 544 0262 0D       		.uleb128 0xd
 545 0263 01       		.uleb128 0x1
 546 0264 50       		.byte	0x50
 547 0265 01       		.uleb128 0x1
 548 0266 31       		.byte	0x31
 549 0267 00       		.byte	0
 550 0268 0C       		.uleb128 0xc
 551 0269 C6000000 		.4byte	.LVL25
 552 026d 56030000 		.4byte	0x356
 553 0271 8F020000 		.4byte	0x28f
 554 0275 0D       		.uleb128 0xd
 555 0276 01       		.uleb128 0x1
 556 0277 50       		.byte	0x50
 557 0278 02       		.uleb128 0x2
 558 0279 7D       		.byte	0x7d
 559 027a 00       		.sleb128 0
 560 027b 0D       		.uleb128 0xd
 561 027c 01       		.uleb128 0x1
 562 027d 51       		.byte	0x51
 563 027e 05       		.uleb128 0x5
 564 027f 03       		.byte	0x3
 565 0280 0C000000 		.4byte	.LC2
 566 0284 0D       		.uleb128 0xd
 567 0285 01       		.uleb128 0x1
 568 0286 52       		.byte	0x52
 569 0287 06       		.uleb128 0x6
 570 0288 75       		.byte	0x75
 571 0289 00       		.sleb128 0
 572 028a 40       		.byte	0x40
 573 028b 24       		.byte	0x24
 574 028c 40       		.byte	0x40
 575 028d 25       		.byte	0x25
 576 028e 00       		.byte	0
 577 028f 0C       		.uleb128 0xc
 578 0290 CC000000 		.4byte	.LVL26
 579 0294 F1020000 		.4byte	0x2f1
 580 0298 A3020000 		.4byte	0x2a3
 581 029c 0D       		.uleb128 0xd
 582 029d 01       		.uleb128 0x1
 583 029e 50       		.byte	0x50
 584 029f 02       		.uleb128 0x2
 585 02a0 7D       		.byte	0x7d
 586 02a1 00       		.sleb128 0
 587 02a2 00       		.byte	0
 588 02a3 0C       		.uleb128 0xc
 589 02a4 D2000000 		.4byte	.LVL27
 590 02a8 61030000 		.4byte	0x361
 591 02ac B6020000 		.4byte	0x2b6
ARM GAS  C:\Users\ADSTRU~1\AppData\Local\Temp\ccuaREeQ.s 			page 14


 592 02b0 0D       		.uleb128 0xd
 593 02b1 01       		.uleb128 0x1
 594 02b2 50       		.byte	0x50
 595 02b3 01       		.uleb128 0x1
 596 02b4 3A       		.byte	0x3a
 597 02b5 00       		.byte	0
 598 02b6 0B       		.uleb128 0xb
 599 02b7 D8000000 		.4byte	.LVL29
 600 02bb E6020000 		.4byte	0x2e6
 601 02bf 00       		.byte	0
 602 02c0 0E       		.uleb128 0xe
 603 02c1 85000000 		.4byte	0x85
 604 02c5 D0020000 		.4byte	0x2d0
 605 02c9 0F       		.uleb128 0xf
 606 02ca 93000000 		.4byte	0x93
 607 02ce 0F       		.byte	0xf
 608 02cf 00       		.byte	0
 609 02d0 10       		.uleb128 0x10
 610 02d1 06010000 		.4byte	.LASF16
 611 02d5 06010000 		.4byte	.LASF16
 612 02d9 03       		.byte	0x3
 613 02da 72       		.byte	0x72
 614 02db 10       		.uleb128 0x10
 615 02dc 2B000000 		.4byte	.LASF17
 616 02e0 2B000000 		.4byte	.LASF17
 617 02e4 04       		.byte	0x4
 618 02e5 3B       		.byte	0x3b
 619 02e6 10       		.uleb128 0x10
 620 02e7 AB000000 		.4byte	.LASF18
 621 02eb AB000000 		.4byte	.LASF18
 622 02ef 05       		.byte	0x5
 623 02f0 59       		.byte	0x59
 624 02f1 11       		.uleb128 0x11
 625 02f2 85000000 		.4byte	.LASF19
 626 02f6 85000000 		.4byte	.LASF19
 627 02fa 06       		.byte	0x6
 628 02fb 2A03     		.2byte	0x32a
 629 02fd 10       		.uleb128 0x10
 630 02fe D1000000 		.4byte	.LASF20
 631 0302 D1000000 		.4byte	.LASF20
 632 0306 05       		.byte	0x5
 633 0307 5A       		.byte	0x5a
 634 0308 10       		.uleb128 0x10
 635 0309 6A010000 		.4byte	.LASF21
 636 030d 6A010000 		.4byte	.LASF21
 637 0311 04       		.byte	0x4
 638 0312 3F       		.byte	0x3f
 639 0313 11       		.uleb128 0x11
 640 0314 00000000 		.4byte	.LASF22
 641 0318 00000000 		.4byte	.LASF22
 642 031c 07       		.byte	0x7
 643 031d 9404     		.2byte	0x494
 644 031f 10       		.uleb128 0x10
 645 0320 31010000 		.4byte	.LASF23
 646 0324 31010000 		.4byte	.LASF23
 647 0328 08       		.byte	0x8
 648 0329 33       		.byte	0x33
ARM GAS  C:\Users\ADSTRU~1\AppData\Local\Temp\ccuaREeQ.s 			page 15


 649 032a 10       		.uleb128 0x10
 650 032b D3010000 		.4byte	.LASF24
 651 032f D3010000 		.4byte	.LASF24
 652 0333 09       		.byte	0x9
 653 0334 33       		.byte	0x33
 654 0335 10       		.uleb128 0x10
 655 0336 94020000 		.4byte	.LASF25
 656 033a 94020000 		.4byte	.LASF25
 657 033e 0A       		.byte	0xa
 658 033f 33       		.byte	0x33
 659 0340 10       		.uleb128 0x10
 660 0341 18000000 		.4byte	.LASF26
 661 0345 18000000 		.4byte	.LASF26
 662 0349 0B       		.byte	0xb
 663 034a 33       		.byte	0x33
 664 034b 10       		.uleb128 0x10
 665 034c 3A000000 		.4byte	.LASF27
 666 0350 3A000000 		.4byte	.LASF27
 667 0354 0C       		.byte	0xc
 668 0355 33       		.byte	0x33
 669 0356 10       		.uleb128 0x10
 670 0357 84020000 		.4byte	.LASF28
 671 035b 84020000 		.4byte	.LASF28
 672 035f 0D       		.byte	0xd
 673 0360 E7       		.byte	0xe7
 674 0361 10       		.uleb128 0x10
 675 0362 8C020000 		.4byte	.LASF29
 676 0366 8C020000 		.4byte	.LASF29
 677 036a 0E       		.byte	0xe
 678 036b EC       		.byte	0xec
 679 036c 00       		.byte	0
 680              		.section	.debug_abbrev,"",%progbits
 681              	.Ldebug_abbrev0:
 682 0000 01       		.uleb128 0x1
 683 0001 11       		.uleb128 0x11
 684 0002 01       		.byte	0x1
 685 0003 25       		.uleb128 0x25
 686 0004 0E       		.uleb128 0xe
 687 0005 13       		.uleb128 0x13
 688 0006 0B       		.uleb128 0xb
 689 0007 03       		.uleb128 0x3
 690 0008 0E       		.uleb128 0xe
 691 0009 1B       		.uleb128 0x1b
 692 000a 0E       		.uleb128 0xe
 693 000b 55       		.uleb128 0x55
 694 000c 17       		.uleb128 0x17
 695 000d 11       		.uleb128 0x11
 696 000e 01       		.uleb128 0x1
 697 000f 10       		.uleb128 0x10
 698 0010 17       		.uleb128 0x17
 699 0011 00       		.byte	0
 700 0012 00       		.byte	0
 701 0013 02       		.uleb128 0x2
 702 0014 24       		.uleb128 0x24
 703 0015 00       		.byte	0
 704 0016 0B       		.uleb128 0xb
 705 0017 0B       		.uleb128 0xb
ARM GAS  C:\Users\ADSTRU~1\AppData\Local\Temp\ccuaREeQ.s 			page 16


 706 0018 3E       		.uleb128 0x3e
 707 0019 0B       		.uleb128 0xb
 708 001a 03       		.uleb128 0x3
 709 001b 0E       		.uleb128 0xe
 710 001c 00       		.byte	0
 711 001d 00       		.byte	0
 712 001e 03       		.uleb128 0x3
 713 001f 24       		.uleb128 0x24
 714 0020 00       		.byte	0
 715 0021 0B       		.uleb128 0xb
 716 0022 0B       		.uleb128 0xb
 717 0023 3E       		.uleb128 0x3e
 718 0024 0B       		.uleb128 0xb
 719 0025 03       		.uleb128 0x3
 720 0026 08       		.uleb128 0x8
 721 0027 00       		.byte	0
 722 0028 00       		.byte	0
 723 0029 04       		.uleb128 0x4
 724 002a 16       		.uleb128 0x16
 725 002b 00       		.byte	0
 726 002c 03       		.uleb128 0x3
 727 002d 0E       		.uleb128 0xe
 728 002e 3A       		.uleb128 0x3a
 729 002f 0B       		.uleb128 0xb
 730 0030 3B       		.uleb128 0x3b
 731 0031 05       		.uleb128 0x5
 732 0032 49       		.uleb128 0x49
 733 0033 13       		.uleb128 0x13
 734 0034 00       		.byte	0
 735 0035 00       		.byte	0
 736 0036 05       		.uleb128 0x5
 737 0037 2E       		.uleb128 0x2e
 738 0038 00       		.byte	0
 739 0039 03       		.uleb128 0x3
 740 003a 0E       		.uleb128 0xe
 741 003b 3A       		.uleb128 0x3a
 742 003c 0B       		.uleb128 0xb
 743 003d 3B       		.uleb128 0x3b
 744 003e 0B       		.uleb128 0xb
 745 003f 27       		.uleb128 0x27
 746 0040 19       		.uleb128 0x19
 747 0041 20       		.uleb128 0x20
 748 0042 0B       		.uleb128 0xb
 749 0043 00       		.byte	0
 750 0044 00       		.byte	0
 751 0045 06       		.uleb128 0x6
 752 0046 2E       		.uleb128 0x2e
 753 0047 01       		.byte	0x1
 754 0048 3F       		.uleb128 0x3f
 755 0049 19       		.uleb128 0x19
 756 004a 03       		.uleb128 0x3
 757 004b 0E       		.uleb128 0xe
 758 004c 3A       		.uleb128 0x3a
 759 004d 0B       		.uleb128 0xb
 760 004e 3B       		.uleb128 0x3b
 761 004f 0B       		.uleb128 0xb
 762 0050 27       		.uleb128 0x27
ARM GAS  C:\Users\ADSTRU~1\AppData\Local\Temp\ccuaREeQ.s 			page 17


 763 0051 19       		.uleb128 0x19
 764 0052 49       		.uleb128 0x49
 765 0053 13       		.uleb128 0x13
 766 0054 8701     		.uleb128 0x87
 767 0056 19       		.uleb128 0x19
 768 0057 11       		.uleb128 0x11
 769 0058 01       		.uleb128 0x1
 770 0059 12       		.uleb128 0x12
 771 005a 06       		.uleb128 0x6
 772 005b 40       		.uleb128 0x40
 773 005c 18       		.uleb128 0x18
 774 005d 9742     		.uleb128 0x2117
 775 005f 19       		.uleb128 0x19
 776 0060 01       		.uleb128 0x1
 777 0061 13       		.uleb128 0x13
 778 0062 00       		.byte	0
 779 0063 00       		.byte	0
 780 0064 07       		.uleb128 0x7
 781 0065 34       		.uleb128 0x34
 782 0066 00       		.byte	0
 783 0067 03       		.uleb128 0x3
 784 0068 0E       		.uleb128 0xe
 785 0069 3A       		.uleb128 0x3a
 786 006a 0B       		.uleb128 0xb
 787 006b 3B       		.uleb128 0x3b
 788 006c 0B       		.uleb128 0xb
 789 006d 49       		.uleb128 0x49
 790 006e 13       		.uleb128 0x13
 791 006f 02       		.uleb128 0x2
 792 0070 18       		.uleb128 0x18
 793 0071 00       		.byte	0
 794 0072 00       		.byte	0
 795 0073 08       		.uleb128 0x8
 796 0074 34       		.uleb128 0x34
 797 0075 00       		.byte	0
 798 0076 03       		.uleb128 0x3
 799 0077 0E       		.uleb128 0xe
 800 0078 3A       		.uleb128 0x3a
 801 0079 0B       		.uleb128 0xb
 802 007a 3B       		.uleb128 0x3b
 803 007b 0B       		.uleb128 0xb
 804 007c 49       		.uleb128 0x49
 805 007d 13       		.uleb128 0x13
 806 007e 02       		.uleb128 0x2
 807 007f 17       		.uleb128 0x17
 808 0080 00       		.byte	0
 809 0081 00       		.byte	0
 810 0082 09       		.uleb128 0x9
 811 0083 34       		.uleb128 0x34
 812 0084 00       		.byte	0
 813 0085 03       		.uleb128 0x3
 814 0086 08       		.uleb128 0x8
 815 0087 3A       		.uleb128 0x3a
 816 0088 0B       		.uleb128 0xb
 817 0089 3B       		.uleb128 0x3b
 818 008a 0B       		.uleb128 0xb
 819 008b 49       		.uleb128 0x49
ARM GAS  C:\Users\ADSTRU~1\AppData\Local\Temp\ccuaREeQ.s 			page 18


 820 008c 13       		.uleb128 0x13
 821 008d 02       		.uleb128 0x2
 822 008e 18       		.uleb128 0x18
 823 008f 00       		.byte	0
 824 0090 00       		.byte	0
 825 0091 0A       		.uleb128 0xa
 826 0092 1D       		.uleb128 0x1d
 827 0093 00       		.byte	0
 828 0094 31       		.uleb128 0x31
 829 0095 13       		.uleb128 0x13
 830 0096 11       		.uleb128 0x11
 831 0097 01       		.uleb128 0x1
 832 0098 12       		.uleb128 0x12
 833 0099 06       		.uleb128 0x6
 834 009a 58       		.uleb128 0x58
 835 009b 0B       		.uleb128 0xb
 836 009c 59       		.uleb128 0x59
 837 009d 0B       		.uleb128 0xb
 838 009e 00       		.byte	0
 839 009f 00       		.byte	0
 840 00a0 0B       		.uleb128 0xb
 841 00a1 898201   		.uleb128 0x4109
 842 00a4 00       		.byte	0
 843 00a5 11       		.uleb128 0x11
 844 00a6 01       		.uleb128 0x1
 845 00a7 31       		.uleb128 0x31
 846 00a8 13       		.uleb128 0x13
 847 00a9 00       		.byte	0
 848 00aa 00       		.byte	0
 849 00ab 0C       		.uleb128 0xc
 850 00ac 898201   		.uleb128 0x4109
 851 00af 01       		.byte	0x1
 852 00b0 11       		.uleb128 0x11
 853 00b1 01       		.uleb128 0x1
 854 00b2 31       		.uleb128 0x31
 855 00b3 13       		.uleb128 0x13
 856 00b4 01       		.uleb128 0x1
 857 00b5 13       		.uleb128 0x13
 858 00b6 00       		.byte	0
 859 00b7 00       		.byte	0
 860 00b8 0D       		.uleb128 0xd
 861 00b9 8A8201   		.uleb128 0x410a
 862 00bc 00       		.byte	0
 863 00bd 02       		.uleb128 0x2
 864 00be 18       		.uleb128 0x18
 865 00bf 9142     		.uleb128 0x2111
 866 00c1 18       		.uleb128 0x18
 867 00c2 00       		.byte	0
 868 00c3 00       		.byte	0
 869 00c4 0E       		.uleb128 0xe
 870 00c5 01       		.uleb128 0x1
 871 00c6 01       		.byte	0x1
 872 00c7 49       		.uleb128 0x49
 873 00c8 13       		.uleb128 0x13
 874 00c9 01       		.uleb128 0x1
 875 00ca 13       		.uleb128 0x13
 876 00cb 00       		.byte	0
ARM GAS  C:\Users\ADSTRU~1\AppData\Local\Temp\ccuaREeQ.s 			page 19


 877 00cc 00       		.byte	0
 878 00cd 0F       		.uleb128 0xf
 879 00ce 21       		.uleb128 0x21
 880 00cf 00       		.byte	0
 881 00d0 49       		.uleb128 0x49
 882 00d1 13       		.uleb128 0x13
 883 00d2 2F       		.uleb128 0x2f
 884 00d3 0B       		.uleb128 0xb
 885 00d4 00       		.byte	0
 886 00d5 00       		.byte	0
 887 00d6 10       		.uleb128 0x10
 888 00d7 2E       		.uleb128 0x2e
 889 00d8 00       		.byte	0
 890 00d9 3F       		.uleb128 0x3f
 891 00da 19       		.uleb128 0x19
 892 00db 3C       		.uleb128 0x3c
 893 00dc 19       		.uleb128 0x19
 894 00dd 6E       		.uleb128 0x6e
 895 00de 0E       		.uleb128 0xe
 896 00df 03       		.uleb128 0x3
 897 00e0 0E       		.uleb128 0xe
 898 00e1 3A       		.uleb128 0x3a
 899 00e2 0B       		.uleb128 0xb
 900 00e3 3B       		.uleb128 0x3b
 901 00e4 0B       		.uleb128 0xb
 902 00e5 00       		.byte	0
 903 00e6 00       		.byte	0
 904 00e7 11       		.uleb128 0x11
 905 00e8 2E       		.uleb128 0x2e
 906 00e9 00       		.byte	0
 907 00ea 3F       		.uleb128 0x3f
 908 00eb 19       		.uleb128 0x19
 909 00ec 3C       		.uleb128 0x3c
 910 00ed 19       		.uleb128 0x19
 911 00ee 6E       		.uleb128 0x6e
 912 00ef 0E       		.uleb128 0xe
 913 00f0 03       		.uleb128 0x3
 914 00f1 0E       		.uleb128 0xe
 915 00f2 3A       		.uleb128 0x3a
 916 00f3 0B       		.uleb128 0xb
 917 00f4 3B       		.uleb128 0x3b
 918 00f5 05       		.uleb128 0x5
 919 00f6 00       		.byte	0
 920 00f7 00       		.byte	0
 921 00f8 00       		.byte	0
 922              		.section	.debug_loc,"",%progbits
 923              	.Ldebug_loc0:
 924              	.LLST0:
 925 0000 04000000 		.4byte	.LVL0
 926 0004 1C000000 		.4byte	.LVL5
 927 0008 0300     		.2byte	0x3
 928 000a 09       		.byte	0x9
 929 000b FF       		.byte	0xff
 930 000c 9F       		.byte	0x9f
 931 000d 1C000000 		.4byte	.LVL5
 932 0011 D2000000 		.4byte	.LVL27
 933 0015 0100     		.2byte	0x1
ARM GAS  C:\Users\ADSTRU~1\AppData\Local\Temp\ccuaREeQ.s 			page 20


 934 0017 56       		.byte	0x56
 935 0018 D2000000 		.4byte	.LVL27
 936 001c D4000000 		.4byte	.LVL28
 937 0020 0100     		.2byte	0x1
 938 0022 54       		.byte	0x54
 939 0023 D4000000 		.4byte	.LVL28
 940 0027 E8000000 		.4byte	.LFE34
 941 002b 0100     		.2byte	0x1
 942 002d 56       		.byte	0x56
 943 002e 00000000 		.4byte	0
 944 0032 00000000 		.4byte	0
 945              		.section	.debug_aranges,"",%progbits
 946 0000 1C000000 		.4byte	0x1c
 947 0004 0200     		.2byte	0x2
 948 0006 00000000 		.4byte	.Ldebug_info0
 949 000a 04       		.byte	0x4
 950 000b 00       		.byte	0
 951 000c 0000     		.2byte	0
 952 000e 0000     		.2byte	0
 953 0010 00000000 		.4byte	.LFB34
 954 0014 E8000000 		.4byte	.LFE34-.LFB34
 955 0018 00000000 		.4byte	0
 956 001c 00000000 		.4byte	0
 957              		.section	.debug_ranges,"",%progbits
 958              	.Ldebug_ranges0:
 959 0000 00000000 		.4byte	.LFB34
 960 0004 E8000000 		.4byte	.LFE34
 961 0008 00000000 		.4byte	0
 962 000c 00000000 		.4byte	0
 963              		.section	.debug_line,"",%progbits
 964              	.Ldebug_line0:
 965 0000 D5010000 		.section	.debug_str,"MS",%progbits,1
 965      02008901 
 965      00000201 
 965      FB0E0D00 
 965      01010101 
 966              	.LASF22:
 967 0000 43617053 		.ascii	"CapSense_GetCentroidPos\000"
 967      656E7365 
 967      5F476574 
 967      43656E74 
 967      726F6964 
 968              	.LASF26:
 969 0018 4C45445F 		.ascii	"LED_Slider_4_Write\000"
 969      536C6964 
 969      65725F34 
 969      5F577269 
 969      746500
 970              	.LASF17:
 971 002b 43617053 		.ascii	"CapSense_Start\000"
 971      656E7365 
 971      5F537461 
 971      727400
 972              	.LASF27:
 973 003a 4C45445F 		.ascii	"LED_Slider_5_Write\000"
 973      536C6964 
 973      65725F35 
ARM GAS  C:\Users\ADSTRU~1\AppData\Local\Temp\ccuaREeQ.s 			page 21


 973      5F577269 
 973      746500
 974              	.LASF32:
 975 004d 433A5C55 		.ascii	"C:\\Users\\adstrumwin\\Desktop\\CapSense_Tasks\\Tas"
 975      73657273 
 975      5C616473 
 975      7472756D 
 975      77696E5C 
 976 007b 6B5F312E 		.ascii	"k_1.cydsn\000"
 976      63796473 
 976      6E00
 977              	.LASF19:
 978 0085 55415254 		.ascii	"UART_UartPutString\000"
 978      5F556172 
 978      74507574 
 978      53747269 
 978      6E6700
 979              	.LASF9:
 980 0098 666C6F61 		.ascii	"float\000"
 980      7400
 981              	.LASF34:
 982 009e 5F5F656E 		.ascii	"__enable_irq\000"
 982      61626C65 
 982      5F697271 
 982      00
 983              	.LASF18:
 984 00ab 43617053 		.ascii	"CapSense_ScanAllWidgets\000"
 984      656E7365 
 984      5F536361 
 984      6E416C6C 
 984      57696467 
 985              	.LASF1:
 986 00c3 756E7369 		.ascii	"unsigned char\000"
 986      676E6564 
 986      20636861 
 986      7200
 987              	.LASF20:
 988 00d1 43617053 		.ascii	"CapSense_IsBusy\000"
 988      656E7365 
 988      5F497342 
 988      75737900 
 989              	.LASF5:
 990 00e1 6C6F6E67 		.ascii	"long unsigned int\000"
 990      20756E73 
 990      69676E65 
 990      6420696E 
 990      7400
 991              	.LASF3:
 992 00f3 73686F72 		.ascii	"short unsigned int\000"
 992      7420756E 
 992      7369676E 
 992      65642069 
 992      6E7400
 993              	.LASF16:
 994 0106 55415254 		.ascii	"UART_Start\000"
 994      5F537461 
 994      727400
ARM GAS  C:\Users\ADSTRU~1\AppData\Local\Temp\ccuaREeQ.s 			page 22


 995              	.LASF10:
 996 0111 646F7562 		.ascii	"double\000"
 996      6C6500
 997              	.LASF35:
 998 0118 6D61696E 		.ascii	"main\000"
 998      00
 999              	.LASF33:
 1000 011d 75696E74 		.ascii	"uint16\000"
 1000      313600
 1001              	.LASF8:
 1002 0124 756E7369 		.ascii	"unsigned int\000"
 1002      676E6564 
 1002      20696E74 
 1002      00
 1003              	.LASF23:
 1004 0131 4C45445F 		.ascii	"LED_Slider_1_Write\000"
 1004      536C6964 
 1004      65725F31 
 1004      5F577269 
 1004      746500
 1005              	.LASF7:
 1006 0144 6C6F6E67 		.ascii	"long long unsigned int\000"
 1006      206C6F6E 
 1006      6720756E 
 1006      7369676E 
 1006      65642069 
 1007              	.LASF15:
 1008 015b 6F6C6473 		.ascii	"oldslidervalue\000"
 1008      6C696465 
 1008      7276616C 
 1008      756500
 1009              	.LASF21:
 1010 016a 43617053 		.ascii	"CapSense_ProcessAllWidgets\000"
 1010      656E7365 
 1010      5F50726F 
 1010      63657373 
 1010      416C6C57 
 1011              	.LASF12:
 1012 0185 6C6F6E67 		.ascii	"long double\000"
 1012      20646F75 
 1012      626C6500 
 1013              	.LASF13:
 1014 0191 73697A65 		.ascii	"sizetype\000"
 1014      74797065 
 1014      00
 1015              	.LASF6:
 1016 019a 6C6F6E67 		.ascii	"long long int\000"
 1016      206C6F6E 
 1016      6720696E 
 1016      7400
 1017              	.LASF31:
 1018 01a8 6D61696E 		.ascii	"main.c\000"
 1018      2E6300
 1019              	.LASF11:
 1020 01af 63686172 		.ascii	"char\000"
 1020      00
 1021              	.LASF2:
ARM GAS  C:\Users\ADSTRU~1\AppData\Local\Temp\ccuaREeQ.s 			page 23


 1022 01b4 73686F72 		.ascii	"short int\000"
 1022      7420696E 
 1022      7400
 1023              	.LASF14:
 1024 01be 736C6964 		.ascii	"slidervalue\000"
 1024      65727661 
 1024      6C756500 
 1025              	.LASF4:
 1026 01ca 6C6F6E67 		.ascii	"long int\000"
 1026      20696E74 
 1026      00
 1027              	.LASF24:
 1028 01d3 4C45445F 		.ascii	"LED_Slider_2_Write\000"
 1028      536C6964 
 1028      65725F32 
 1028      5F577269 
 1028      746500
 1029              	.LASF30:
 1030 01e6 474E5520 		.ascii	"GNU C11 5.4.1 20160609 (release) [ARM/embedded-5-br"
 1030      43313120 
 1030      352E342E 
 1030      31203230 
 1030      31363036 
 1031 0219 616E6368 		.ascii	"anch revision 237715] -mcpu=cortex-m0plus -mthumb -"
 1031      20726576 
 1031      6973696F 
 1031      6E203233 
 1031      37373135 
 1032 024c 67202D4F 		.ascii	"g -Og -ffunction-sections -ffat-lto-objects\000"
 1032      67202D66 
 1032      66756E63 
 1032      74696F6E 
 1032      2D736563 
 1033              	.LASF0:
 1034 0278 7369676E 		.ascii	"signed char\000"
 1034      65642063 
 1034      68617200 
 1035              	.LASF28:
 1036 0284 73707269 		.ascii	"sprintf\000"
 1036      6E746600 
 1037              	.LASF29:
 1038 028c 43794465 		.ascii	"CyDelay\000"
 1038      6C617900 
 1039              	.LASF25:
 1040 0294 4C45445F 		.ascii	"LED_Slider_3_Write\000"
 1040      536C6964 
 1040      65725F33 
 1040      5F577269 
 1040      746500
 1041              		.ident	"GCC: (GNU Tools for ARM Embedded Processors) 5.4.1 20160609 (release) [ARM/embedded-5-bran
