ARM GAS  C:\Users\ADSTRU~1\AppData\Local\Temp\ccJLa8L4.s 			page 1


   1              		.syntax unified
   2              		.cpu cortex-m0plus
   3              		.fpu softvfp
   4              		.eabi_attribute 20, 1
   5              		.eabi_attribute 21, 1
   6              		.eabi_attribute 23, 3
   7              		.eabi_attribute 24, 1
   8              		.eabi_attribute 25, 1
   9              		.eabi_attribute 26, 1
  10              		.eabi_attribute 30, 1
  11              		.eabi_attribute 34, 0
  12              		.eabi_attribute 18, 4
  13              		.thumb
  14              		.syntax unified
  15              		.file	"cyfitter_cfg.c"
  16              		.text
  17              	.Ltext0:
  18              		.cfi_sections	.debug_frame
  19              		.section	.psocinit,"ax",%progbits
  20              		.align	2
  21              		.code	16
  22              		.thumb_func
  23              		.type	ClockSetup, %function
  24              	ClockSetup:
  25              	.LFB4:
  26              		.file 1 "Generated_Source\\PSoC4\\cyfitter_cfg.c"
   1:Generated_Source\PSoC4/cyfitter_cfg.c **** 
   2:Generated_Source\PSoC4/cyfitter_cfg.c **** /*******************************************************************************
   3:Generated_Source\PSoC4/cyfitter_cfg.c **** * File Name: cyfitter_cfg.c
   4:Generated_Source\PSoC4/cyfitter_cfg.c **** * 
   5:Generated_Source\PSoC4/cyfitter_cfg.c **** * PSoC Creator  4.4
   6:Generated_Source\PSoC4/cyfitter_cfg.c **** *
   7:Generated_Source\PSoC4/cyfitter_cfg.c **** * Description:
   8:Generated_Source\PSoC4/cyfitter_cfg.c **** * This file contains device initialization code.
   9:Generated_Source\PSoC4/cyfitter_cfg.c **** * Except for the user defined sections in CyClockStartupError(), this file should not be modified.
  10:Generated_Source\PSoC4/cyfitter_cfg.c **** * This file is automatically generated by PSoC Creator.
  11:Generated_Source\PSoC4/cyfitter_cfg.c **** *
  12:Generated_Source\PSoC4/cyfitter_cfg.c **** ********************************************************************************
  13:Generated_Source\PSoC4/cyfitter_cfg.c **** * Copyright (c) 2007-2020 Cypress Semiconductor.  All rights reserved.
  14:Generated_Source\PSoC4/cyfitter_cfg.c **** * You may use this file only in accordance with the license, terms, conditions, 
  15:Generated_Source\PSoC4/cyfitter_cfg.c **** * disclaimers, and limitations in the end user license agreement accompanying 
  16:Generated_Source\PSoC4/cyfitter_cfg.c **** * the software package with which this file was provided.
  17:Generated_Source\PSoC4/cyfitter_cfg.c **** ********************************************************************************/
  18:Generated_Source\PSoC4/cyfitter_cfg.c **** 
  19:Generated_Source\PSoC4/cyfitter_cfg.c **** #include <string.h>
  20:Generated_Source\PSoC4/cyfitter_cfg.c **** #include "cytypes.h"
  21:Generated_Source\PSoC4/cyfitter_cfg.c **** #include "cydevice_trm.h"
  22:Generated_Source\PSoC4/cyfitter_cfg.c **** #include "cyfitter.h"
  23:Generated_Source\PSoC4/cyfitter_cfg.c **** #include "CyLib.h"
  24:Generated_Source\PSoC4/cyfitter_cfg.c **** #include "cyfitter_cfg.h"
  25:Generated_Source\PSoC4/cyfitter_cfg.c **** #include "cyapicallbacks.h"
  26:Generated_Source\PSoC4/cyfitter_cfg.c **** 
  27:Generated_Source\PSoC4/cyfitter_cfg.c **** 
  28:Generated_Source\PSoC4/cyfitter_cfg.c **** #if defined(__GNUC__) || defined(__ARMCC_VERSION)
  29:Generated_Source\PSoC4/cyfitter_cfg.c ****     #define CYPACKED 
  30:Generated_Source\PSoC4/cyfitter_cfg.c ****     #define CYPACKED_ATTR __attribute__ ((packed))
  31:Generated_Source\PSoC4/cyfitter_cfg.c ****     #define CYALIGNED __attribute__ ((aligned))
ARM GAS  C:\Users\ADSTRU~1\AppData\Local\Temp\ccJLa8L4.s 			page 2


  32:Generated_Source\PSoC4/cyfitter_cfg.c ****     #define CY_CFG_UNUSED __attribute__ ((unused))
  33:Generated_Source\PSoC4/cyfitter_cfg.c ****     #ifndef CY_CFG_SECTION
  34:Generated_Source\PSoC4/cyfitter_cfg.c ****         #define CY_CFG_SECTION __attribute__ ((section(".psocinit")))
  35:Generated_Source\PSoC4/cyfitter_cfg.c ****     #endif
  36:Generated_Source\PSoC4/cyfitter_cfg.c ****     
  37:Generated_Source\PSoC4/cyfitter_cfg.c ****     #if defined(__ARMCC_VERSION)
  38:Generated_Source\PSoC4/cyfitter_cfg.c ****         #define CY_CFG_MEMORY_BARRIER() __memory_changed()
  39:Generated_Source\PSoC4/cyfitter_cfg.c ****     #else
  40:Generated_Source\PSoC4/cyfitter_cfg.c ****         #define CY_CFG_MEMORY_BARRIER() __sync_synchronize()
  41:Generated_Source\PSoC4/cyfitter_cfg.c ****     #endif
  42:Generated_Source\PSoC4/cyfitter_cfg.c ****     
  43:Generated_Source\PSoC4/cyfitter_cfg.c **** #elif defined(__ICCARM__)
  44:Generated_Source\PSoC4/cyfitter_cfg.c ****     #include <intrinsics.h>
  45:Generated_Source\PSoC4/cyfitter_cfg.c **** 
  46:Generated_Source\PSoC4/cyfitter_cfg.c ****     #define CYPACKED __packed
  47:Generated_Source\PSoC4/cyfitter_cfg.c ****     #define CYPACKED_ATTR 
  48:Generated_Source\PSoC4/cyfitter_cfg.c ****     #define CYALIGNED _Pragma("data_alignment=4")
  49:Generated_Source\PSoC4/cyfitter_cfg.c ****     #define CY_CFG_UNUSED _Pragma("diag_suppress=Pe177")
  50:Generated_Source\PSoC4/cyfitter_cfg.c ****     #define CY_CFG_SECTION _Pragma("location=\".psocinit\"")
  51:Generated_Source\PSoC4/cyfitter_cfg.c ****     
  52:Generated_Source\PSoC4/cyfitter_cfg.c ****     #define CY_CFG_MEMORY_BARRIER() __DMB()
  53:Generated_Source\PSoC4/cyfitter_cfg.c ****     
  54:Generated_Source\PSoC4/cyfitter_cfg.c **** #else
  55:Generated_Source\PSoC4/cyfitter_cfg.c ****     #error Unsupported toolchain
  56:Generated_Source\PSoC4/cyfitter_cfg.c **** #endif
  57:Generated_Source\PSoC4/cyfitter_cfg.c **** 
  58:Generated_Source\PSoC4/cyfitter_cfg.c **** #ifndef CYCODE
  59:Generated_Source\PSoC4/cyfitter_cfg.c ****     #define CYCODE
  60:Generated_Source\PSoC4/cyfitter_cfg.c **** #endif
  61:Generated_Source\PSoC4/cyfitter_cfg.c **** #ifndef CYDATA
  62:Generated_Source\PSoC4/cyfitter_cfg.c ****     #define CYDATA
  63:Generated_Source\PSoC4/cyfitter_cfg.c **** #endif
  64:Generated_Source\PSoC4/cyfitter_cfg.c **** #ifndef CYFAR
  65:Generated_Source\PSoC4/cyfitter_cfg.c ****     #define CYFAR
  66:Generated_Source\PSoC4/cyfitter_cfg.c **** #endif
  67:Generated_Source\PSoC4/cyfitter_cfg.c **** #ifndef CYXDATA
  68:Generated_Source\PSoC4/cyfitter_cfg.c ****     #define CYXDATA
  69:Generated_Source\PSoC4/cyfitter_cfg.c **** #endif
  70:Generated_Source\PSoC4/cyfitter_cfg.c **** 
  71:Generated_Source\PSoC4/cyfitter_cfg.c **** 
  72:Generated_Source\PSoC4/cyfitter_cfg.c **** CY_CFG_UNUSED
  73:Generated_Source\PSoC4/cyfitter_cfg.c **** static void CYMEMZERO(void *s, size_t n);
  74:Generated_Source\PSoC4/cyfitter_cfg.c **** CY_CFG_UNUSED
  75:Generated_Source\PSoC4/cyfitter_cfg.c **** static void CYMEMZERO(void *s, size_t n)
  76:Generated_Source\PSoC4/cyfitter_cfg.c **** {
  77:Generated_Source\PSoC4/cyfitter_cfg.c **** 	(void)memset(s, 0, n);
  78:Generated_Source\PSoC4/cyfitter_cfg.c **** }
  79:Generated_Source\PSoC4/cyfitter_cfg.c **** CY_CFG_UNUSED
  80:Generated_Source\PSoC4/cyfitter_cfg.c **** static void CYCONFIGCPY(void *dest, const void *src, size_t n);
  81:Generated_Source\PSoC4/cyfitter_cfg.c **** CY_CFG_UNUSED
  82:Generated_Source\PSoC4/cyfitter_cfg.c **** static void CYCONFIGCPY(void *dest, const void *src, size_t n)
  83:Generated_Source\PSoC4/cyfitter_cfg.c **** {
  84:Generated_Source\PSoC4/cyfitter_cfg.c **** 	(void)memcpy(dest, src, n);
  85:Generated_Source\PSoC4/cyfitter_cfg.c **** }
  86:Generated_Source\PSoC4/cyfitter_cfg.c **** CY_CFG_UNUSED
  87:Generated_Source\PSoC4/cyfitter_cfg.c **** static void CYCONFIGCPYCODE(void *dest, const void *src, size_t n);
  88:Generated_Source\PSoC4/cyfitter_cfg.c **** CY_CFG_UNUSED
ARM GAS  C:\Users\ADSTRU~1\AppData\Local\Temp\ccJLa8L4.s 			page 3


  89:Generated_Source\PSoC4/cyfitter_cfg.c **** static void CYCONFIGCPYCODE(void *dest, const void *src, size_t n)
  90:Generated_Source\PSoC4/cyfitter_cfg.c **** {
  91:Generated_Source\PSoC4/cyfitter_cfg.c **** 	(void)memcpy(dest, src, n);
  92:Generated_Source\PSoC4/cyfitter_cfg.c **** }
  93:Generated_Source\PSoC4/cyfitter_cfg.c **** 
  94:Generated_Source\PSoC4/cyfitter_cfg.c **** 
  95:Generated_Source\PSoC4/cyfitter_cfg.c **** 
  96:Generated_Source\PSoC4/cyfitter_cfg.c **** 
  97:Generated_Source\PSoC4/cyfitter_cfg.c **** /* Clock startup error codes                                                   */
  98:Generated_Source\PSoC4/cyfitter_cfg.c **** #define CYCLOCKSTART_NO_ERROR    0u
  99:Generated_Source\PSoC4/cyfitter_cfg.c **** #define CYCLOCKSTART_XTAL_ERROR  1u
 100:Generated_Source\PSoC4/cyfitter_cfg.c **** #define CYCLOCKSTART_32KHZ_ERROR 2u
 101:Generated_Source\PSoC4/cyfitter_cfg.c **** #define CYCLOCKSTART_PLL_ERROR   3u
 102:Generated_Source\PSoC4/cyfitter_cfg.c **** #define CYCLOCKSTART_FLL_ERROR   4u
 103:Generated_Source\PSoC4/cyfitter_cfg.c **** #define CYCLOCKSTART_WCO_ERROR   5u
 104:Generated_Source\PSoC4/cyfitter_cfg.c **** 
 105:Generated_Source\PSoC4/cyfitter_cfg.c **** 
 106:Generated_Source\PSoC4/cyfitter_cfg.c **** #ifdef CY_NEED_CYCLOCKSTARTUPERROR
 107:Generated_Source\PSoC4/cyfitter_cfg.c **** /*******************************************************************************
 108:Generated_Source\PSoC4/cyfitter_cfg.c **** * Function Name: CyClockStartupError
 109:Generated_Source\PSoC4/cyfitter_cfg.c **** ********************************************************************************
 110:Generated_Source\PSoC4/cyfitter_cfg.c **** * Summary:
 111:Generated_Source\PSoC4/cyfitter_cfg.c **** *  If an error is encountered during clock configuration (crystal startup error,
 112:Generated_Source\PSoC4/cyfitter_cfg.c **** *  PLL lock error, etc.), the system will end up here.  Unless reimplemented by
 113:Generated_Source\PSoC4/cyfitter_cfg.c **** *  the customer, this function will stop in an infinite loop.
 114:Generated_Source\PSoC4/cyfitter_cfg.c **** *
 115:Generated_Source\PSoC4/cyfitter_cfg.c **** * Parameters:
 116:Generated_Source\PSoC4/cyfitter_cfg.c **** *   void
 117:Generated_Source\PSoC4/cyfitter_cfg.c **** *
 118:Generated_Source\PSoC4/cyfitter_cfg.c **** * Return:
 119:Generated_Source\PSoC4/cyfitter_cfg.c **** *   void
 120:Generated_Source\PSoC4/cyfitter_cfg.c **** *
 121:Generated_Source\PSoC4/cyfitter_cfg.c **** *******************************************************************************/
 122:Generated_Source\PSoC4/cyfitter_cfg.c **** CY_CFG_UNUSED
 123:Generated_Source\PSoC4/cyfitter_cfg.c **** static void CyClockStartupError(uint8 errorCode);
 124:Generated_Source\PSoC4/cyfitter_cfg.c **** CY_CFG_UNUSED
 125:Generated_Source\PSoC4/cyfitter_cfg.c **** static void CyClockStartupError(uint8 errorCode)
 126:Generated_Source\PSoC4/cyfitter_cfg.c **** {
 127:Generated_Source\PSoC4/cyfitter_cfg.c ****     /* To remove the compiler warning if errorCode not used.                */
 128:Generated_Source\PSoC4/cyfitter_cfg.c ****     errorCode = errorCode;
 129:Generated_Source\PSoC4/cyfitter_cfg.c **** 
 130:Generated_Source\PSoC4/cyfitter_cfg.c ****     /* If we have a clock startup error (bad MHz crystal, PLL lock, etc.),  */
 131:Generated_Source\PSoC4/cyfitter_cfg.c ****     /* we will end up here to allow the customer to implement something to  */
 132:Generated_Source\PSoC4/cyfitter_cfg.c ****     /* deal with the clock condition.                                       */
 133:Generated_Source\PSoC4/cyfitter_cfg.c **** 
 134:Generated_Source\PSoC4/cyfitter_cfg.c **** #ifdef CY_CFG_CLOCK_STARTUP_ERROR_CALLBACK
 135:Generated_Source\PSoC4/cyfitter_cfg.c ****     CY_CFG_Clock_Startup_ErrorCallback();
 136:Generated_Source\PSoC4/cyfitter_cfg.c **** #else
 137:Generated_Source\PSoC4/cyfitter_cfg.c ****     /*  If not using CY_CFG_CLOCK_STARTUP_ERROR_CALLBACK, place your clock startup code here. */
 138:Generated_Source\PSoC4/cyfitter_cfg.c ****     /* `#START CyClockStartupError` */
 139:Generated_Source\PSoC4/cyfitter_cfg.c **** 
 140:Generated_Source\PSoC4/cyfitter_cfg.c **** 
 141:Generated_Source\PSoC4/cyfitter_cfg.c **** 
 142:Generated_Source\PSoC4/cyfitter_cfg.c ****     /* `#END` */
 143:Generated_Source\PSoC4/cyfitter_cfg.c **** 
 144:Generated_Source\PSoC4/cyfitter_cfg.c ****     while(1) {}
 145:Generated_Source\PSoC4/cyfitter_cfg.c **** #endif /* CY_CFG_CLOCK_STARTUP_ERROR_CALLBACK */
ARM GAS  C:\Users\ADSTRU~1\AppData\Local\Temp\ccJLa8L4.s 			page 4


 146:Generated_Source\PSoC4/cyfitter_cfg.c **** }
 147:Generated_Source\PSoC4/cyfitter_cfg.c **** #endif
 148:Generated_Source\PSoC4/cyfitter_cfg.c **** 
 149:Generated_Source\PSoC4/cyfitter_cfg.c **** 
 150:Generated_Source\PSoC4/cyfitter_cfg.c **** 
 151:Generated_Source\PSoC4/cyfitter_cfg.c **** /*******************************************************************************
 152:Generated_Source\PSoC4/cyfitter_cfg.c **** * Function Name: ClockSetup
 153:Generated_Source\PSoC4/cyfitter_cfg.c **** ********************************************************************************
 154:Generated_Source\PSoC4/cyfitter_cfg.c **** *
 155:Generated_Source\PSoC4/cyfitter_cfg.c **** * Summary:
 156:Generated_Source\PSoC4/cyfitter_cfg.c **** *   Performs the initialization of all of the clocks in the device based on the
 157:Generated_Source\PSoC4/cyfitter_cfg.c **** *   settings in the Clock tab of the DWR.  This includes enabling the requested
 158:Generated_Source\PSoC4/cyfitter_cfg.c **** *   clocks and setting the necessary dividers to produce the desired frequency. 
 159:Generated_Source\PSoC4/cyfitter_cfg.c **** *
 160:Generated_Source\PSoC4/cyfitter_cfg.c **** * Parameters:
 161:Generated_Source\PSoC4/cyfitter_cfg.c **** *   void
 162:Generated_Source\PSoC4/cyfitter_cfg.c **** *
 163:Generated_Source\PSoC4/cyfitter_cfg.c **** * Return:
 164:Generated_Source\PSoC4/cyfitter_cfg.c **** *   void
 165:Generated_Source\PSoC4/cyfitter_cfg.c **** *
 166:Generated_Source\PSoC4/cyfitter_cfg.c **** *******************************************************************************/
 167:Generated_Source\PSoC4/cyfitter_cfg.c **** static void ClockSetup(void);
 168:Generated_Source\PSoC4/cyfitter_cfg.c **** CY_CFG_SECTION
 169:Generated_Source\PSoC4/cyfitter_cfg.c **** static void ClockSetup(void)
 170:Generated_Source\PSoC4/cyfitter_cfg.c **** {
  27              		.loc 1 170 0
  28              		.cfi_startproc
  29              		@ args = 0, pretend = 0, frame = 0
  30              		@ frame_needed = 0, uses_anonymous_args = 0
  31 0000 10B5     		push	{r4, lr}
  32              		.cfi_def_cfa_offset 8
  33              		.cfi_offset 4, -8
  34              		.cfi_offset 14, -4
 171:Generated_Source\PSoC4/cyfitter_cfg.c **** 
 172:Generated_Source\PSoC4/cyfitter_cfg.c **** 	/* Set Flash Cycles based on max possible frequency in case a glitch occurs during ClockSetup(). *
 173:Generated_Source\PSoC4/cyfitter_cfg.c **** 	CY_SET_REG32((void CYXDATA *)(CYREG_CPUSS_FLASH_CTL), (0x0012u));
  35              		.loc 1 173 0
  36 0002 114C     		ldr	r4, .L2
  37 0004 1223     		movs	r3, #18
  38 0006 2360     		str	r3, [r4]
 174:Generated_Source\PSoC4/cyfitter_cfg.c **** 	/* Update IMO to new clock speed. */
 175:Generated_Source\PSoC4/cyfitter_cfg.c **** 	CySysClkWriteImoFreq(24u);
  39              		.loc 1 175 0
  40 0008 1820     		movs	r0, #24
  41 000a FFF7FEFF 		bl	CySysClkWriteImoFreq
  42              	.LVL0:
 176:Generated_Source\PSoC4/cyfitter_cfg.c **** 
 177:Generated_Source\PSoC4/cyfitter_cfg.c **** 	/* Setup phase aligned clocks */
 178:Generated_Source\PSoC4/cyfitter_cfg.c **** 	CY_SET_REG32((void *)CYREG_PERI_DIV_16_CTL0, 0x0000FE00u);
  43              		.loc 1 178 0
  44 000e FE22     		movs	r2, #254
  45 0010 1202     		lsls	r2, r2, #8
  46 0012 0E4B     		ldr	r3, .L2+4
  47 0014 1A60     		str	r2, [r3]
 179:Generated_Source\PSoC4/cyfitter_cfg.c **** 	CY_SET_REG32((void *)CYREG_PERI_DIV_CMD, 0x8000FF40u);
  48              		.loc 1 179 0
  49 0016 0E4B     		ldr	r3, .L2+8
ARM GAS  C:\Users\ADSTRU~1\AppData\Local\Temp\ccJLa8L4.s 			page 5


  50 0018 0E4A     		ldr	r2, .L2+12
  51 001a 1A60     		str	r2, [r3]
 180:Generated_Source\PSoC4/cyfitter_cfg.c **** 	CY_SET_REG32((void *)CYREG_PERI_DIV_16_CTL1, 0x0000CF00u);
  52              		.loc 1 180 0
  53 001c CF21     		movs	r1, #207
  54 001e 0902     		lsls	r1, r1, #8
  55 0020 0D4A     		ldr	r2, .L2+16
  56 0022 1160     		str	r1, [r2]
 181:Generated_Source\PSoC4/cyfitter_cfg.c **** 	CY_SET_REG32((void *)CYREG_PERI_DIV_CMD, 0x8000FF41u);
  57              		.loc 1 181 0
  58 0024 0D4A     		ldr	r2, .L2+20
  59 0026 1A60     		str	r2, [r3]
 182:Generated_Source\PSoC4/cyfitter_cfg.c **** 
 183:Generated_Source\PSoC4/cyfitter_cfg.c **** 	/* CYDEV_CLK_SELECT Starting address: CYDEV_CLK_SELECT */
 184:Generated_Source\PSoC4/cyfitter_cfg.c **** 	CY_SET_REG32((void *)(CYREG_CLK_SELECT), 0x00000000u);
  60              		.loc 1 184 0
  61 0028 0022     		movs	r2, #0
  62 002a 0D4B     		ldr	r3, .L2+24
  63 002c 1A60     		str	r2, [r3]
 185:Generated_Source\PSoC4/cyfitter_cfg.c **** 
 186:Generated_Source\PSoC4/cyfitter_cfg.c **** 	/* CYDEV_PERI_PCLK_CTL2 Starting address: CYDEV_PERI_PCLK_CTL2 */
 187:Generated_Source\PSoC4/cyfitter_cfg.c **** 	CY_SET_REG32((void *)(CYREG_PERI_PCLK_CTL2), 0x00000040u);
  64              		.loc 1 187 0
  65 002e 4032     		adds	r2, r2, #64
  66 0030 0C4B     		ldr	r3, .L2+28
  67 0032 1A60     		str	r2, [r3]
 188:Generated_Source\PSoC4/cyfitter_cfg.c **** 
 189:Generated_Source\PSoC4/cyfitter_cfg.c **** 	/* CYDEV_PERI_PCLK_CTL1 Starting address: CYDEV_PERI_PCLK_CTL1 */
 190:Generated_Source\PSoC4/cyfitter_cfg.c **** 	CY_SET_REG32((void *)(CYREG_PERI_PCLK_CTL1), 0x00000041u);
  68              		.loc 1 190 0
  69 0034 0132     		adds	r2, r2, #1
  70 0036 0C4B     		ldr	r3, .L2+32
  71 0038 1A60     		str	r2, [r3]
 191:Generated_Source\PSoC4/cyfitter_cfg.c **** 
 192:Generated_Source\PSoC4/cyfitter_cfg.c **** 	CY_SET_REG32((void *)(CYREG_WDT_MATCH), 0x00011000u);
  72              		.loc 1 192 0
  73 003a 8822     		movs	r2, #136
  74 003c 5202     		lsls	r2, r2, #9
  75 003e 0B4B     		ldr	r3, .L2+36
  76 0040 1A60     		str	r2, [r3]
 193:Generated_Source\PSoC4/cyfitter_cfg.c **** 	/* Set Flash Cycles based on newly configured 24.00MHz HFCLK. */
 194:Generated_Source\PSoC4/cyfitter_cfg.c **** 	CY_SET_REG32((void CYXDATA *)(CYREG_CPUSS_FLASH_CTL), (0x0011u));
  77              		.loc 1 194 0
  78 0042 1123     		movs	r3, #17
  79 0044 2360     		str	r3, [r4]
 195:Generated_Source\PSoC4/cyfitter_cfg.c **** }
  80              		.loc 1 195 0
  81              		@ sp needed
  82 0046 10BD     		pop	{r4, pc}
  83              	.L3:
  84              		.align	2
  85              	.L2:
  86 0048 30001040 		.word	1074790448
  87 004c 00030140 		.word	1073808128
  88 0050 00000140 		.word	1073807360
  89 0054 40FF0080 		.word	-2147418304
  90 0058 04030140 		.word	1073808132
ARM GAS  C:\Users\ADSTRU~1\AppData\Local\Temp\ccJLa8L4.s 			page 6


  91 005c 41FF0080 		.word	-2147418303
  92 0060 28000340 		.word	1073938472
  93 0064 08010140 		.word	1073807624
  94 0068 04010140 		.word	1073807620
  95 006c 40000340 		.word	1073938496
  96              		.cfi_endproc
  97              	.LFE4:
  98              		.size	ClockSetup, .-ClockSetup
  99              		.section	.text.SetAnalogRoutingPumps,"ax",%progbits
 100              		.align	2
 101              		.global	SetAnalogRoutingPumps
 102              		.code	16
 103              		.thumb_func
 104              		.type	SetAnalogRoutingPumps, %function
 105              	SetAnalogRoutingPumps:
 106              	.LFB6:
 196:Generated_Source\PSoC4/cyfitter_cfg.c **** 
 197:Generated_Source\PSoC4/cyfitter_cfg.c **** 
 198:Generated_Source\PSoC4/cyfitter_cfg.c **** /* Analog API Functions */
 199:Generated_Source\PSoC4/cyfitter_cfg.c **** 
 200:Generated_Source\PSoC4/cyfitter_cfg.c **** 
 201:Generated_Source\PSoC4/cyfitter_cfg.c **** /*******************************************************************************
 202:Generated_Source\PSoC4/cyfitter_cfg.c **** * Function Name: AnalogSetDefault
 203:Generated_Source\PSoC4/cyfitter_cfg.c **** ********************************************************************************
 204:Generated_Source\PSoC4/cyfitter_cfg.c **** *
 205:Generated_Source\PSoC4/cyfitter_cfg.c **** * Summary:
 206:Generated_Source\PSoC4/cyfitter_cfg.c **** *  Sets up the analog portions of the chip to default values based on chip
 207:Generated_Source\PSoC4/cyfitter_cfg.c **** *  configuration options from the project.
 208:Generated_Source\PSoC4/cyfitter_cfg.c **** *
 209:Generated_Source\PSoC4/cyfitter_cfg.c **** * Parameters:
 210:Generated_Source\PSoC4/cyfitter_cfg.c **** *  void
 211:Generated_Source\PSoC4/cyfitter_cfg.c **** *
 212:Generated_Source\PSoC4/cyfitter_cfg.c **** * Return:
 213:Generated_Source\PSoC4/cyfitter_cfg.c **** *  void
 214:Generated_Source\PSoC4/cyfitter_cfg.c **** *
 215:Generated_Source\PSoC4/cyfitter_cfg.c **** *******************************************************************************/
 216:Generated_Source\PSoC4/cyfitter_cfg.c **** static void AnalogSetDefault(void);
 217:Generated_Source\PSoC4/cyfitter_cfg.c **** static void AnalogSetDefault(void)
 218:Generated_Source\PSoC4/cyfitter_cfg.c **** {
 219:Generated_Source\PSoC4/cyfitter_cfg.c **** 	CY_SET_XTND_REG32((void CYFAR *)CYREG_CSD_SW_DSI_SEL, 0x00000001u);
 220:Generated_Source\PSoC4/cyfitter_cfg.c **** 	SetAnalogRoutingPumps(1);
 221:Generated_Source\PSoC4/cyfitter_cfg.c **** }
 222:Generated_Source\PSoC4/cyfitter_cfg.c **** 
 223:Generated_Source\PSoC4/cyfitter_cfg.c **** 
 224:Generated_Source\PSoC4/cyfitter_cfg.c **** /*******************************************************************************
 225:Generated_Source\PSoC4/cyfitter_cfg.c **** * Function Name: SetAnalogRoutingPumps
 226:Generated_Source\PSoC4/cyfitter_cfg.c **** ********************************************************************************
 227:Generated_Source\PSoC4/cyfitter_cfg.c **** *
 228:Generated_Source\PSoC4/cyfitter_cfg.c **** * Summary:
 229:Generated_Source\PSoC4/cyfitter_cfg.c **** * Enables or disables the analog pumps feeding analog routing switches.
 230:Generated_Source\PSoC4/cyfitter_cfg.c **** * Intended to be called at startup, based on the Vdda system configuration;
 231:Generated_Source\PSoC4/cyfitter_cfg.c **** * may be called during operation when the user informs us that the Vdda voltage crossed the pump th
 232:Generated_Source\PSoC4/cyfitter_cfg.c **** *
 233:Generated_Source\PSoC4/cyfitter_cfg.c **** * Parameters:
 234:Generated_Source\PSoC4/cyfitter_cfg.c **** *  enabled - 1 to enable the pumps, 0 to disable the pumps
 235:Generated_Source\PSoC4/cyfitter_cfg.c **** *
 236:Generated_Source\PSoC4/cyfitter_cfg.c **** * Return:
ARM GAS  C:\Users\ADSTRU~1\AppData\Local\Temp\ccJLa8L4.s 			page 7


 237:Generated_Source\PSoC4/cyfitter_cfg.c **** *  void
 238:Generated_Source\PSoC4/cyfitter_cfg.c **** *
 239:Generated_Source\PSoC4/cyfitter_cfg.c **** *******************************************************************************/
 240:Generated_Source\PSoC4/cyfitter_cfg.c **** void SetAnalogRoutingPumps(uint8 enabled)
 241:Generated_Source\PSoC4/cyfitter_cfg.c **** {
 107              		.loc 1 241 0
 108              		.cfi_startproc
 109              		@ args = 0, pretend = 0, frame = 0
 110              		@ frame_needed = 0, uses_anonymous_args = 0
 111              		@ link register save eliminated.
 112              	.LVL1:
 242:Generated_Source\PSoC4/cyfitter_cfg.c **** 	uint32 regValue = CY_GET_XTND_REG32((void *)(CYREG_HSIOM_PUMP_CTL));
 113              		.loc 1 242 0
 114 0000 0B4B     		ldr	r3, .L9
 115 0002 1B68     		ldr	r3, [r3]
 116              	.LVL2:
 243:Generated_Source\PSoC4/cyfitter_cfg.c **** 	if (enabled != 0u)
 117              		.loc 1 243 0
 118 0004 0028     		cmp	r0, #0
 119 0006 03D0     		beq	.L5
 244:Generated_Source\PSoC4/cyfitter_cfg.c **** 	{
 245:Generated_Source\PSoC4/cyfitter_cfg.c **** 		regValue |= 0x80000000u;
 120              		.loc 1 245 0
 121 0008 8022     		movs	r2, #128
 122 000a 1206     		lsls	r2, r2, #24
 123 000c 1343     		orrs	r3, r2
 124              	.LVL3:
 125 000e 01E0     		b	.L6
 126              	.L5:
 246:Generated_Source\PSoC4/cyfitter_cfg.c **** 	}
 247:Generated_Source\PSoC4/cyfitter_cfg.c **** 	else
 248:Generated_Source\PSoC4/cyfitter_cfg.c **** 	{
 249:Generated_Source\PSoC4/cyfitter_cfg.c **** 		regValue &= ~0x80000000u;
 127              		.loc 1 249 0
 128 0010 5B00     		lsls	r3, r3, #1
 129              	.LVL4:
 130 0012 5B08     		lsrs	r3, r3, #1
 131              	.LVL5:
 132              	.L6:
 250:Generated_Source\PSoC4/cyfitter_cfg.c **** 	}
 251:Generated_Source\PSoC4/cyfitter_cfg.c **** 	CY_SET_XTND_REG32((void *)(CYREG_HSIOM_PUMP_CTL), regValue);
 133              		.loc 1 251 0
 134 0014 064A     		ldr	r2, .L9
 135 0016 1360     		str	r3, [r2]
 252:Generated_Source\PSoC4/cyfitter_cfg.c **** 	regValue = CY_GET_XTND_REG32((void *)(CYREG_CLK_SELECT));
 136              		.loc 1 252 0
 137 0018 064B     		ldr	r3, .L9+4
 138              	.LVL6:
 139 001a 1B68     		ldr	r3, [r3]
 140              	.LVL7:
 253:Generated_Source\PSoC4/cyfitter_cfg.c **** 	if (enabled != 0u)
 141              		.loc 1 253 0
 142 001c 0028     		cmp	r0, #0
 143 001e 02D0     		beq	.L7
 254:Generated_Source\PSoC4/cyfitter_cfg.c **** 	{
 255:Generated_Source\PSoC4/cyfitter_cfg.c **** 		regValue |= 0x00000020u;
 144              		.loc 1 255 0
ARM GAS  C:\Users\ADSTRU~1\AppData\Local\Temp\ccJLa8L4.s 			page 8


 145 0020 2022     		movs	r2, #32
 146 0022 1343     		orrs	r3, r2
 147              	.LVL8:
 148 0024 01E0     		b	.L8
 149              	.L7:
 256:Generated_Source\PSoC4/cyfitter_cfg.c **** 	}
 257:Generated_Source\PSoC4/cyfitter_cfg.c **** 	else
 258:Generated_Source\PSoC4/cyfitter_cfg.c **** 	{
 259:Generated_Source\PSoC4/cyfitter_cfg.c **** 		regValue &= ~0x00000020u;
 150              		.loc 1 259 0
 151 0026 2022     		movs	r2, #32
 152 0028 9343     		bics	r3, r2
 153              	.LVL9:
 154              	.L8:
 260:Generated_Source\PSoC4/cyfitter_cfg.c **** 	}
 261:Generated_Source\PSoC4/cyfitter_cfg.c **** 	CY_SET_XTND_REG32((void *)(CYREG_CLK_SELECT), regValue);
 155              		.loc 1 261 0
 156 002a 024A     		ldr	r2, .L9+4
 157 002c 1360     		str	r3, [r2]
 262:Generated_Source\PSoC4/cyfitter_cfg.c **** }
 158              		.loc 1 262 0
 159              		@ sp needed
 160 002e 7047     		bx	lr
 161              	.L10:
 162              		.align	2
 163              	.L9:
 164 0030 00200240 		.word	1073881088
 165 0034 28000340 		.word	1073938472
 166              		.cfi_endproc
 167              	.LFE6:
 168              		.size	SetAnalogRoutingPumps, .-SetAnalogRoutingPumps
 169              		.section	.text.AnalogSetDefault,"ax",%progbits
 170              		.align	2
 171              		.code	16
 172              		.thumb_func
 173              		.type	AnalogSetDefault, %function
 174              	AnalogSetDefault:
 175              	.LFB5:
 218:Generated_Source\PSoC4/cyfitter_cfg.c **** 	CY_SET_XTND_REG32((void CYFAR *)CYREG_CSD_SW_DSI_SEL, 0x00000001u);
 176              		.loc 1 218 0
 177              		.cfi_startproc
 178              		@ args = 0, pretend = 0, frame = 0
 179              		@ frame_needed = 0, uses_anonymous_args = 0
 180 0000 10B5     		push	{r4, lr}
 181              		.cfi_def_cfa_offset 8
 182              		.cfi_offset 4, -8
 183              		.cfi_offset 14, -4
 219:Generated_Source\PSoC4/cyfitter_cfg.c **** 	SetAnalogRoutingPumps(1);
 184              		.loc 1 219 0
 185 0002 0122     		movs	r2, #1
 186 0004 024B     		ldr	r3, .L12
 187 0006 1A60     		str	r2, [r3]
 220:Generated_Source\PSoC4/cyfitter_cfg.c **** }
 188              		.loc 1 220 0
 189 0008 0120     		movs	r0, #1
 190 000a FFF7FEFF 		bl	SetAnalogRoutingPumps
 191              	.LVL10:
ARM GAS  C:\Users\ADSTRU~1\AppData\Local\Temp\ccJLa8L4.s 			page 9


 221:Generated_Source\PSoC4/cyfitter_cfg.c **** 
 192              		.loc 1 221 0
 193              		@ sp needed
 194 000e 10BD     		pop	{r4, pc}
 195              	.L13:
 196              		.align	2
 197              	.L12:
 198 0010 C0020B40 		.word	1074463424
 199              		.cfi_endproc
 200              	.LFE5:
 201              		.size	AnalogSetDefault, .-AnalogSetDefault
 202              		.section	.psocinit
 203              		.align	2
 204              		.global	cyfitter_cfg
 205              		.code	16
 206              		.thumb_func
 207              		.type	cyfitter_cfg, %function
 208              	cyfitter_cfg:
 209              	.LFB7:
 263:Generated_Source\PSoC4/cyfitter_cfg.c **** 
 264:Generated_Source\PSoC4/cyfitter_cfg.c **** 
 265:Generated_Source\PSoC4/cyfitter_cfg.c **** 
 266:Generated_Source\PSoC4/cyfitter_cfg.c **** 
 267:Generated_Source\PSoC4/cyfitter_cfg.c **** /*******************************************************************************
 268:Generated_Source\PSoC4/cyfitter_cfg.c **** * Function Name: cyfitter_cfg
 269:Generated_Source\PSoC4/cyfitter_cfg.c **** ********************************************************************************
 270:Generated_Source\PSoC4/cyfitter_cfg.c **** * Summary:
 271:Generated_Source\PSoC4/cyfitter_cfg.c **** *  This function is called by the start-up code for the selected device. It
 272:Generated_Source\PSoC4/cyfitter_cfg.c **** *  performs all of the necessary device configuration based on the design
 273:Generated_Source\PSoC4/cyfitter_cfg.c **** *  settings.  This includes settings from the Design Wide Resources (DWR) such
 274:Generated_Source\PSoC4/cyfitter_cfg.c **** *  as Clocks and Pins as well as any component configuration that is necessary.
 275:Generated_Source\PSoC4/cyfitter_cfg.c **** *
 276:Generated_Source\PSoC4/cyfitter_cfg.c **** * Parameters:
 277:Generated_Source\PSoC4/cyfitter_cfg.c **** *   void
 278:Generated_Source\PSoC4/cyfitter_cfg.c **** *
 279:Generated_Source\PSoC4/cyfitter_cfg.c **** * Return:
 280:Generated_Source\PSoC4/cyfitter_cfg.c **** *   void
 281:Generated_Source\PSoC4/cyfitter_cfg.c **** *
 282:Generated_Source\PSoC4/cyfitter_cfg.c **** *******************************************************************************/
 283:Generated_Source\PSoC4/cyfitter_cfg.c **** CY_CFG_SECTION
 284:Generated_Source\PSoC4/cyfitter_cfg.c **** void cyfitter_cfg(void)
 285:Generated_Source\PSoC4/cyfitter_cfg.c **** {
 210              		.loc 1 285 0
 211              		.cfi_startproc
 212              		@ args = 0, pretend = 0, frame = 0
 213              		@ frame_needed = 0, uses_anonymous_args = 0
 214 0070 10B5     		push	{r4, lr}
 215              		.cfi_def_cfa_offset 8
 216              		.cfi_offset 4, -8
 217              		.cfi_offset 14, -4
 286:Generated_Source\PSoC4/cyfitter_cfg.c **** 	/* Disable interrupts by default. Let user enable if/when they want. */
 287:Generated_Source\PSoC4/cyfitter_cfg.c **** 	CyGlobalIntDisable;
 218              		.loc 1 287 0
 219              		.syntax divided
 220              	@ 287 "Generated_Source\PSoC4\cyfitter_cfg.c" 1
 221 0072 72B6     		CPSID   i
 222              	@ 0 "" 2
ARM GAS  C:\Users\ADSTRU~1\AppData\Local\Temp\ccJLa8L4.s 			page 10


 288:Generated_Source\PSoC4/cyfitter_cfg.c **** 
 289:Generated_Source\PSoC4/cyfitter_cfg.c **** 	{
 290:Generated_Source\PSoC4/cyfitter_cfg.c **** 		/* HSIOM Starting address: CYDEV_HSIOM_BASE */
 291:Generated_Source\PSoC4/cyfitter_cfg.c **** 		CY_SET_REG32((void *)(CYREG_HSIOM_PORT_SEL3), 0x0000EE99u);
 223              		.loc 1 291 0
 224              		.thumb
 225              		.syntax unified
 226 0074 134A     		ldr	r2, .L15
 227 0076 144B     		ldr	r3, .L15+4
 228 0078 1A60     		str	r2, [r3]
 292:Generated_Source\PSoC4/cyfitter_cfg.c **** 
 293:Generated_Source\PSoC4/cyfitter_cfg.c **** 	}
 294:Generated_Source\PSoC4/cyfitter_cfg.c **** 
 295:Generated_Source\PSoC4/cyfitter_cfg.c **** 	/* Perform second pass device configuration. These items must be configured in specific order afte
 296:Generated_Source\PSoC4/cyfitter_cfg.c **** 	/* IOPINS0_0 Starting address: CYDEV_GPIO_PRT0_BASE */
 297:Generated_Source\PSoC4/cyfitter_cfg.c **** 	CY_SET_REG32((void *)(CYDEV_GPIO_PRT0_BASE), 0x00000080u);
 229              		.loc 1 297 0
 230 007a 8022     		movs	r2, #128
 231 007c 134B     		ldr	r3, .L15+8
 232 007e 1A60     		str	r2, [r3]
 298:Generated_Source\PSoC4/cyfitter_cfg.c **** 	CY_SET_REG32((void *)(CYREG_GPIO_PRT0_PC), 0x00400000u);
 233              		.loc 1 298 0
 234 0080 8022     		movs	r2, #128
 235 0082 D203     		lsls	r2, r2, #15
 236 0084 124B     		ldr	r3, .L15+12
 237 0086 1A60     		str	r2, [r3]
 299:Generated_Source\PSoC4/cyfitter_cfg.c **** 	CY_SET_REG32((void *)(CYREG_GPIO_PRT0_INTR_CFG), 0x00008000u);
 238              		.loc 1 299 0
 239 0088 8022     		movs	r2, #128
 240 008a 1202     		lsls	r2, r2, #8
 241 008c 114B     		ldr	r3, .L15+16
 242 008e 1A60     		str	r2, [r3]
 300:Generated_Source\PSoC4/cyfitter_cfg.c **** 
 301:Generated_Source\PSoC4/cyfitter_cfg.c **** 	/* IOPINS0_1 Starting address: CYDEV_GPIO_PRT1_BASE */
 302:Generated_Source\PSoC4/cyfitter_cfg.c **** 	CY_SET_REG32((void *)(CYDEV_GPIO_PRT1_BASE), 0x00000060u);
 243              		.loc 1 302 0
 244 0090 6022     		movs	r2, #96
 245 0092 114B     		ldr	r3, .L15+20
 246 0094 1A60     		str	r2, [r3]
 303:Generated_Source\PSoC4/cyfitter_cfg.c **** 	CY_SET_REG32((void *)(CYREG_GPIO_PRT1_PC2), 0x00000070u);
 247              		.loc 1 303 0
 248 0096 1032     		adds	r2, r2, #16
 249 0098 104B     		ldr	r3, .L15+24
 250 009a 1A60     		str	r2, [r3]
 304:Generated_Source\PSoC4/cyfitter_cfg.c **** 
 305:Generated_Source\PSoC4/cyfitter_cfg.c **** 	/* IOPINS0_2 Starting address: CYDEV_GPIO_PRT2_BASE */
 306:Generated_Source\PSoC4/cyfitter_cfg.c **** 	CY_SET_REG32((void *)(CYREG_GPIO_PRT2_PC), 0x00030000u);
 251              		.loc 1 306 0
 252 009c C022     		movs	r2, #192
 253 009e 9202     		lsls	r2, r2, #10
 254 00a0 0F4B     		ldr	r3, .L15+28
 255 00a2 1A60     		str	r2, [r3]
 307:Generated_Source\PSoC4/cyfitter_cfg.c **** 
 308:Generated_Source\PSoC4/cyfitter_cfg.c **** 	/* IOPINS0_3 Starting address: CYDEV_GPIO_PRT3_BASE */
 309:Generated_Source\PSoC4/cyfitter_cfg.c **** 	CY_SET_REG32((void *)(CYDEV_GPIO_PRT3_BASE), 0x00000002u);
 256              		.loc 1 309 0
 257 00a4 0223     		movs	r3, #2
ARM GAS  C:\Users\ADSTRU~1\AppData\Local\Temp\ccJLa8L4.s 			page 11


 258 00a6 0F4A     		ldr	r2, .L15+32
 259 00a8 1360     		str	r3, [r2]
 310:Generated_Source\PSoC4/cyfitter_cfg.c **** 	CY_SET_REG32((void *)(CYREG_GPIO_PRT3_PC), 0x001B6DB1u);
 260              		.loc 1 310 0
 261 00aa 0F49     		ldr	r1, .L15+36
 262 00ac 0F4A     		ldr	r2, .L15+40
 263 00ae 1160     		str	r1, [r2]
 311:Generated_Source\PSoC4/cyfitter_cfg.c **** 	CY_SET_REG32((void *)(CYREG_GPIO_PRT3_PC2), 0x00000002u);
 264              		.loc 1 311 0
 265 00b0 0F4A     		ldr	r2, .L15+44
 266 00b2 1360     		str	r3, [r2]
 312:Generated_Source\PSoC4/cyfitter_cfg.c **** 
 313:Generated_Source\PSoC4/cyfitter_cfg.c **** 	/* IOPINS0_4 Starting address: CYDEV_GPIO_PRT4_BASE */
 314:Generated_Source\PSoC4/cyfitter_cfg.c **** 	CY_SET_REG32((void *)(CYREG_GPIO_PRT4_PC2), 0x00000008u);
 267              		.loc 1 314 0
 268 00b4 0822     		movs	r2, #8
 269 00b6 0F4B     		ldr	r3, .L15+48
 270 00b8 1A60     		str	r2, [r3]
 315:Generated_Source\PSoC4/cyfitter_cfg.c **** 
 316:Generated_Source\PSoC4/cyfitter_cfg.c **** 
 317:Generated_Source\PSoC4/cyfitter_cfg.c **** 	/* Setup clocks based on selections from Clock DWR */
 318:Generated_Source\PSoC4/cyfitter_cfg.c **** 	ClockSetup();
 271              		.loc 1 318 0
 272 00ba FFF7A1FF 		bl	ClockSetup
 273              	.LVL11:
 319:Generated_Source\PSoC4/cyfitter_cfg.c **** 
 320:Generated_Source\PSoC4/cyfitter_cfg.c **** 	/* Perform basic analog initialization to defaults */
 321:Generated_Source\PSoC4/cyfitter_cfg.c **** 	AnalogSetDefault();
 274              		.loc 1 321 0
 275 00be FFF7FEFF 		bl	AnalogSetDefault
 276              	.LVL12:
 322:Generated_Source\PSoC4/cyfitter_cfg.c **** 
 323:Generated_Source\PSoC4/cyfitter_cfg.c **** }
 277              		.loc 1 323 0
 278              		@ sp needed
 279 00c2 10BD     		pop	{r4, pc}
 280              	.L16:
 281              		.align	2
 282              	.L15:
 283 00c4 99EE0000 		.word	61081
 284 00c8 00030240 		.word	1073873664
 285 00cc 00000440 		.word	1074003968
 286 00d0 08000440 		.word	1074003976
 287 00d4 0C000440 		.word	1074003980
 288 00d8 00010440 		.word	1074004224
 289 00dc 18010440 		.word	1074004248
 290 00e0 08020440 		.word	1074004488
 291 00e4 00030440 		.word	1074004736
 292 00e8 B16D1B00 		.word	1797553
 293 00ec 08030440 		.word	1074004744
 294 00f0 18030440 		.word	1074004760
 295 00f4 18040440 		.word	1074005016
 296              		.cfi_endproc
 297              	.LFE7:
 298              		.size	cyfitter_cfg, .-cyfitter_cfg
 299              		.text
 300              	.Letext0:
ARM GAS  C:\Users\ADSTRU~1\AppData\Local\Temp\ccJLa8L4.s 			page 12


 301              		.file 2 "Generated_Source\\PSoC4\\cytypes.h"
 302              		.file 3 "Generated_Source\\PSoC4\\CyLib.h"
 303              		.section	.debug_info,"",%progbits
 304              	.Ldebug_info0:
 305 0000 64010000 		.4byte	0x164
 306 0004 0400     		.2byte	0x4
 307 0006 00000000 		.4byte	.Ldebug_abbrev0
 308 000a 04       		.byte	0x4
 309 000b 01       		.uleb128 0x1
 310 000c 78010000 		.4byte	.LASF21
 311 0010 0C       		.byte	0xc
 312 0011 15000000 		.4byte	.LASF22
 313 0015 D1000000 		.4byte	.LASF23
 314 0019 00000000 		.4byte	.Ldebug_ranges0+0
 315 001d 00000000 		.4byte	0
 316 0021 00000000 		.4byte	.Ldebug_line0
 317 0025 02       		.uleb128 0x2
 318 0026 04       		.byte	0x4
 319 0027 05       		.byte	0x5
 320 0028 696E7400 		.ascii	"int\000"
 321 002c 03       		.uleb128 0x3
 322 002d 04       		.byte	0x4
 323 002e 07       		.byte	0x7
 324 002f 3B000000 		.4byte	.LASF0
 325 0033 03       		.uleb128 0x3
 326 0034 08       		.byte	0x8
 327 0035 05       		.byte	0x5
 328 0036 00000000 		.4byte	.LASF1
 329 003a 03       		.uleb128 0x3
 330 003b 08       		.byte	0x8
 331 003c 04       		.byte	0x4
 332 003d 51010000 		.4byte	.LASF2
 333 0041 03       		.uleb128 0x3
 334 0042 01       		.byte	0x1
 335 0043 06       		.byte	0x6
 336 0044 45010000 		.4byte	.LASF3
 337 0048 03       		.uleb128 0x3
 338 0049 01       		.byte	0x1
 339 004a 08       		.byte	0x8
 340 004b B5000000 		.4byte	.LASF4
 341 004f 03       		.uleb128 0x3
 342 0050 02       		.byte	0x2
 343 0051 05       		.byte	0x5
 344 0052 6E010000 		.4byte	.LASF5
 345 0056 03       		.uleb128 0x3
 346 0057 02       		.byte	0x2
 347 0058 07       		.byte	0x7
 348 0059 32010000 		.4byte	.LASF6
 349 005d 03       		.uleb128 0x3
 350 005e 04       		.byte	0x4
 351 005f 05       		.byte	0x5
 352 0060 C8000000 		.4byte	.LASF7
 353 0064 03       		.uleb128 0x3
 354 0065 04       		.byte	0x4
 355 0066 07       		.byte	0x7
 356 0067 4E000000 		.4byte	.LASF8
 357 006b 03       		.uleb128 0x3
ARM GAS  C:\Users\ADSTRU~1\AppData\Local\Temp\ccJLa8L4.s 			page 13


 358 006c 08       		.byte	0x8
 359 006d 07       		.byte	0x7
 360 006e 6D000000 		.4byte	.LASF9
 361 0072 03       		.uleb128 0x3
 362 0073 04       		.byte	0x4
 363 0074 07       		.byte	0x7
 364 0075 0A020000 		.4byte	.LASF10
 365 0079 03       		.uleb128 0x3
 366 007a 01       		.byte	0x1
 367 007b 08       		.byte	0x8
 368 007c C3000000 		.4byte	.LASF11
 369 0080 04       		.uleb128 0x4
 370 0081 48000000 		.4byte	.LASF12
 371 0085 02       		.byte	0x2
 372 0086 FB01     		.2byte	0x1fb
 373 0088 48000000 		.4byte	0x48
 374 008c 04       		.uleb128 0x4
 375 008d 0E000000 		.4byte	.LASF13
 376 0091 02       		.byte	0x2
 377 0092 FD01     		.2byte	0x1fd
 378 0094 64000000 		.4byte	0x64
 379 0098 03       		.uleb128 0x3
 380 0099 04       		.byte	0x4
 381 009a 04       		.byte	0x4
 382 009b 84000000 		.4byte	.LASF14
 383 009f 03       		.uleb128 0x3
 384 00a0 08       		.byte	0x8
 385 00a1 04       		.byte	0x4
 386 00a2 25010000 		.4byte	.LASF15
 387 00a6 04       		.uleb128 0x4
 388 00a7 2C010000 		.4byte	.LASF16
 389 00ab 02       		.byte	0x2
 390 00ac A702     		.2byte	0x2a7
 391 00ae B2000000 		.4byte	0xb2
 392 00b2 05       		.uleb128 0x5
 393 00b3 8C000000 		.4byte	0x8c
 394 00b7 06       		.uleb128 0x6
 395 00b8 1A010000 		.4byte	.LASF17
 396 00bc 01       		.byte	0x1
 397 00bd A9       		.byte	0xa9
 398 00be 00000000 		.4byte	.LFB4
 399 00c2 70000000 		.4byte	.LFE4-.LFB4
 400 00c6 01       		.uleb128 0x1
 401 00c7 9C       		.byte	0x9c
 402 00c8 DC000000 		.4byte	0xdc
 403 00cc 07       		.uleb128 0x7
 404 00cd 0E000000 		.4byte	.LVL0
 405 00d1 5C010000 		.4byte	0x15c
 406 00d5 08       		.uleb128 0x8
 407 00d6 01       		.uleb128 0x1
 408 00d7 50       		.byte	0x50
 409 00d8 01       		.uleb128 0x1
 410 00d9 48       		.byte	0x48
 411 00da 00       		.byte	0
 412 00db 00       		.byte	0
 413 00dc 09       		.uleb128 0x9
 414 00dd 8A000000 		.4byte	.LASF19
ARM GAS  C:\Users\ADSTRU~1\AppData\Local\Temp\ccJLa8L4.s 			page 14


 415 00e1 01       		.byte	0x1
 416 00e2 F0       		.byte	0xf0
 417 00e3 00000000 		.4byte	.LFB6
 418 00e7 38000000 		.4byte	.LFE6-.LFB6
 419 00eb 01       		.uleb128 0x1
 420 00ec 9C       		.byte	0x9c
 421 00ed 0E010000 		.4byte	0x10e
 422 00f1 0A       		.uleb128 0xa
 423 00f2 5D010000 		.4byte	.LASF24
 424 00f6 01       		.byte	0x1
 425 00f7 F0       		.byte	0xf0
 426 00f8 80000000 		.4byte	0x80
 427 00fc 01       		.uleb128 0x1
 428 00fd 50       		.byte	0x50
 429 00fe 0B       		.uleb128 0xb
 430 00ff 65010000 		.4byte	.LASF25
 431 0103 01       		.byte	0x1
 432 0104 F2       		.byte	0xf2
 433 0105 8C000000 		.4byte	0x8c
 434 0109 00000000 		.4byte	.LLST0
 435 010d 00       		.byte	0
 436 010e 06       		.uleb128 0x6
 437 010f 09010000 		.4byte	.LASF18
 438 0113 01       		.byte	0x1
 439 0114 D9       		.byte	0xd9
 440 0115 00000000 		.4byte	.LFB5
 441 0119 14000000 		.4byte	.LFE5-.LFB5
 442 011d 01       		.uleb128 0x1
 443 011e 9C       		.byte	0x9c
 444 011f 33010000 		.4byte	0x133
 445 0123 07       		.uleb128 0x7
 446 0124 0E000000 		.4byte	.LVL10
 447 0128 DC000000 		.4byte	0xdc
 448 012c 08       		.uleb128 0x8
 449 012d 01       		.uleb128 0x1
 450 012e 50       		.byte	0x50
 451 012f 01       		.uleb128 0x1
 452 0130 31       		.byte	0x31
 453 0131 00       		.byte	0
 454 0132 00       		.byte	0
 455 0133 0C       		.uleb128 0xc
 456 0134 60000000 		.4byte	.LASF20
 457 0138 01       		.byte	0x1
 458 0139 1C01     		.2byte	0x11c
 459 013b 70000000 		.4byte	.LFB7
 460 013f 88000000 		.4byte	.LFE7-.LFB7
 461 0143 01       		.uleb128 0x1
 462 0144 9C       		.byte	0x9c
 463 0145 5C010000 		.4byte	0x15c
 464 0149 0D       		.uleb128 0xd
 465 014a BE000000 		.4byte	.LVL11
 466 014e B7000000 		.4byte	0xb7
 467 0152 0D       		.uleb128 0xd
 468 0153 C2000000 		.4byte	.LVL12
 469 0157 0E010000 		.4byte	0x10e
 470 015b 00       		.byte	0
 471 015c 0E       		.uleb128 0xe
ARM GAS  C:\Users\ADSTRU~1\AppData\Local\Temp\ccJLa8L4.s 			page 15


 472 015d A0000000 		.4byte	.LASF26
 473 0161 A0000000 		.4byte	.LASF26
 474 0165 03       		.byte	0x3
 475 0166 6C       		.byte	0x6c
 476 0167 00       		.byte	0
 477              		.section	.debug_abbrev,"",%progbits
 478              	.Ldebug_abbrev0:
 479 0000 01       		.uleb128 0x1
 480 0001 11       		.uleb128 0x11
 481 0002 01       		.byte	0x1
 482 0003 25       		.uleb128 0x25
 483 0004 0E       		.uleb128 0xe
 484 0005 13       		.uleb128 0x13
 485 0006 0B       		.uleb128 0xb
 486 0007 03       		.uleb128 0x3
 487 0008 0E       		.uleb128 0xe
 488 0009 1B       		.uleb128 0x1b
 489 000a 0E       		.uleb128 0xe
 490 000b 55       		.uleb128 0x55
 491 000c 17       		.uleb128 0x17
 492 000d 11       		.uleb128 0x11
 493 000e 01       		.uleb128 0x1
 494 000f 10       		.uleb128 0x10
 495 0010 17       		.uleb128 0x17
 496 0011 00       		.byte	0
 497 0012 00       		.byte	0
 498 0013 02       		.uleb128 0x2
 499 0014 24       		.uleb128 0x24
 500 0015 00       		.byte	0
 501 0016 0B       		.uleb128 0xb
 502 0017 0B       		.uleb128 0xb
 503 0018 3E       		.uleb128 0x3e
 504 0019 0B       		.uleb128 0xb
 505 001a 03       		.uleb128 0x3
 506 001b 08       		.uleb128 0x8
 507 001c 00       		.byte	0
 508 001d 00       		.byte	0
 509 001e 03       		.uleb128 0x3
 510 001f 24       		.uleb128 0x24
 511 0020 00       		.byte	0
 512 0021 0B       		.uleb128 0xb
 513 0022 0B       		.uleb128 0xb
 514 0023 3E       		.uleb128 0x3e
 515 0024 0B       		.uleb128 0xb
 516 0025 03       		.uleb128 0x3
 517 0026 0E       		.uleb128 0xe
 518 0027 00       		.byte	0
 519 0028 00       		.byte	0
 520 0029 04       		.uleb128 0x4
 521 002a 16       		.uleb128 0x16
 522 002b 00       		.byte	0
 523 002c 03       		.uleb128 0x3
 524 002d 0E       		.uleb128 0xe
 525 002e 3A       		.uleb128 0x3a
 526 002f 0B       		.uleb128 0xb
 527 0030 3B       		.uleb128 0x3b
 528 0031 05       		.uleb128 0x5
ARM GAS  C:\Users\ADSTRU~1\AppData\Local\Temp\ccJLa8L4.s 			page 16


 529 0032 49       		.uleb128 0x49
 530 0033 13       		.uleb128 0x13
 531 0034 00       		.byte	0
 532 0035 00       		.byte	0
 533 0036 05       		.uleb128 0x5
 534 0037 35       		.uleb128 0x35
 535 0038 00       		.byte	0
 536 0039 49       		.uleb128 0x49
 537 003a 13       		.uleb128 0x13
 538 003b 00       		.byte	0
 539 003c 00       		.byte	0
 540 003d 06       		.uleb128 0x6
 541 003e 2E       		.uleb128 0x2e
 542 003f 01       		.byte	0x1
 543 0040 03       		.uleb128 0x3
 544 0041 0E       		.uleb128 0xe
 545 0042 3A       		.uleb128 0x3a
 546 0043 0B       		.uleb128 0xb
 547 0044 3B       		.uleb128 0x3b
 548 0045 0B       		.uleb128 0xb
 549 0046 27       		.uleb128 0x27
 550 0047 19       		.uleb128 0x19
 551 0048 11       		.uleb128 0x11
 552 0049 01       		.uleb128 0x1
 553 004a 12       		.uleb128 0x12
 554 004b 06       		.uleb128 0x6
 555 004c 40       		.uleb128 0x40
 556 004d 18       		.uleb128 0x18
 557 004e 9742     		.uleb128 0x2117
 558 0050 19       		.uleb128 0x19
 559 0051 01       		.uleb128 0x1
 560 0052 13       		.uleb128 0x13
 561 0053 00       		.byte	0
 562 0054 00       		.byte	0
 563 0055 07       		.uleb128 0x7
 564 0056 898201   		.uleb128 0x4109
 565 0059 01       		.byte	0x1
 566 005a 11       		.uleb128 0x11
 567 005b 01       		.uleb128 0x1
 568 005c 31       		.uleb128 0x31
 569 005d 13       		.uleb128 0x13
 570 005e 00       		.byte	0
 571 005f 00       		.byte	0
 572 0060 08       		.uleb128 0x8
 573 0061 8A8201   		.uleb128 0x410a
 574 0064 00       		.byte	0
 575 0065 02       		.uleb128 0x2
 576 0066 18       		.uleb128 0x18
 577 0067 9142     		.uleb128 0x2111
 578 0069 18       		.uleb128 0x18
 579 006a 00       		.byte	0
 580 006b 00       		.byte	0
 581 006c 09       		.uleb128 0x9
 582 006d 2E       		.uleb128 0x2e
 583 006e 01       		.byte	0x1
 584 006f 3F       		.uleb128 0x3f
 585 0070 19       		.uleb128 0x19
ARM GAS  C:\Users\ADSTRU~1\AppData\Local\Temp\ccJLa8L4.s 			page 17


 586 0071 03       		.uleb128 0x3
 587 0072 0E       		.uleb128 0xe
 588 0073 3A       		.uleb128 0x3a
 589 0074 0B       		.uleb128 0xb
 590 0075 3B       		.uleb128 0x3b
 591 0076 0B       		.uleb128 0xb
 592 0077 27       		.uleb128 0x27
 593 0078 19       		.uleb128 0x19
 594 0079 11       		.uleb128 0x11
 595 007a 01       		.uleb128 0x1
 596 007b 12       		.uleb128 0x12
 597 007c 06       		.uleb128 0x6
 598 007d 40       		.uleb128 0x40
 599 007e 18       		.uleb128 0x18
 600 007f 9742     		.uleb128 0x2117
 601 0081 19       		.uleb128 0x19
 602 0082 01       		.uleb128 0x1
 603 0083 13       		.uleb128 0x13
 604 0084 00       		.byte	0
 605 0085 00       		.byte	0
 606 0086 0A       		.uleb128 0xa
 607 0087 05       		.uleb128 0x5
 608 0088 00       		.byte	0
 609 0089 03       		.uleb128 0x3
 610 008a 0E       		.uleb128 0xe
 611 008b 3A       		.uleb128 0x3a
 612 008c 0B       		.uleb128 0xb
 613 008d 3B       		.uleb128 0x3b
 614 008e 0B       		.uleb128 0xb
 615 008f 49       		.uleb128 0x49
 616 0090 13       		.uleb128 0x13
 617 0091 02       		.uleb128 0x2
 618 0092 18       		.uleb128 0x18
 619 0093 00       		.byte	0
 620 0094 00       		.byte	0
 621 0095 0B       		.uleb128 0xb
 622 0096 34       		.uleb128 0x34
 623 0097 00       		.byte	0
 624 0098 03       		.uleb128 0x3
 625 0099 0E       		.uleb128 0xe
 626 009a 3A       		.uleb128 0x3a
 627 009b 0B       		.uleb128 0xb
 628 009c 3B       		.uleb128 0x3b
 629 009d 0B       		.uleb128 0xb
 630 009e 49       		.uleb128 0x49
 631 009f 13       		.uleb128 0x13
 632 00a0 02       		.uleb128 0x2
 633 00a1 17       		.uleb128 0x17
 634 00a2 00       		.byte	0
 635 00a3 00       		.byte	0
 636 00a4 0C       		.uleb128 0xc
 637 00a5 2E       		.uleb128 0x2e
 638 00a6 01       		.byte	0x1
 639 00a7 3F       		.uleb128 0x3f
 640 00a8 19       		.uleb128 0x19
 641 00a9 03       		.uleb128 0x3
 642 00aa 0E       		.uleb128 0xe
ARM GAS  C:\Users\ADSTRU~1\AppData\Local\Temp\ccJLa8L4.s 			page 18


 643 00ab 3A       		.uleb128 0x3a
 644 00ac 0B       		.uleb128 0xb
 645 00ad 3B       		.uleb128 0x3b
 646 00ae 05       		.uleb128 0x5
 647 00af 27       		.uleb128 0x27
 648 00b0 19       		.uleb128 0x19
 649 00b1 11       		.uleb128 0x11
 650 00b2 01       		.uleb128 0x1
 651 00b3 12       		.uleb128 0x12
 652 00b4 06       		.uleb128 0x6
 653 00b5 40       		.uleb128 0x40
 654 00b6 18       		.uleb128 0x18
 655 00b7 9742     		.uleb128 0x2117
 656 00b9 19       		.uleb128 0x19
 657 00ba 01       		.uleb128 0x1
 658 00bb 13       		.uleb128 0x13
 659 00bc 00       		.byte	0
 660 00bd 00       		.byte	0
 661 00be 0D       		.uleb128 0xd
 662 00bf 898201   		.uleb128 0x4109
 663 00c2 00       		.byte	0
 664 00c3 11       		.uleb128 0x11
 665 00c4 01       		.uleb128 0x1
 666 00c5 31       		.uleb128 0x31
 667 00c6 13       		.uleb128 0x13
 668 00c7 00       		.byte	0
 669 00c8 00       		.byte	0
 670 00c9 0E       		.uleb128 0xe
 671 00ca 2E       		.uleb128 0x2e
 672 00cb 00       		.byte	0
 673 00cc 3F       		.uleb128 0x3f
 674 00cd 19       		.uleb128 0x19
 675 00ce 3C       		.uleb128 0x3c
 676 00cf 19       		.uleb128 0x19
 677 00d0 6E       		.uleb128 0x6e
 678 00d1 0E       		.uleb128 0xe
 679 00d2 03       		.uleb128 0x3
 680 00d3 0E       		.uleb128 0xe
 681 00d4 3A       		.uleb128 0x3a
 682 00d5 0B       		.uleb128 0xb
 683 00d6 3B       		.uleb128 0x3b
 684 00d7 0B       		.uleb128 0xb
 685 00d8 00       		.byte	0
 686 00d9 00       		.byte	0
 687 00da 00       		.byte	0
 688              		.section	.debug_loc,"",%progbits
 689              	.Ldebug_loc0:
 690              	.LLST0:
 691 0000 04000000 		.4byte	.LVL2
 692 0004 12000000 		.4byte	.LVL4
 693 0008 0100     		.2byte	0x1
 694 000a 53       		.byte	0x53
 695 000b 14000000 		.4byte	.LVL5
 696 000f 1A000000 		.4byte	.LVL6
 697 0013 0100     		.2byte	0x1
 698 0015 53       		.byte	0x53
 699 0016 1A000000 		.4byte	.LVL6
ARM GAS  C:\Users\ADSTRU~1\AppData\Local\Temp\ccJLa8L4.s 			page 19


 700 001a 1C000000 		.4byte	.LVL7
 701 001e 0200     		.2byte	0x2
 702 0020 72       		.byte	0x72
 703 0021 00       		.sleb128 0
 704 0022 1C000000 		.4byte	.LVL7
 705 0026 38000000 		.4byte	.LFE6
 706 002a 0100     		.2byte	0x1
 707 002c 53       		.byte	0x53
 708 002d 00000000 		.4byte	0
 709 0031 00000000 		.4byte	0
 710              		.section	.debug_aranges,"",%progbits
 711 0000 34000000 		.4byte	0x34
 712 0004 0200     		.2byte	0x2
 713 0006 00000000 		.4byte	.Ldebug_info0
 714 000a 04       		.byte	0x4
 715 000b 00       		.byte	0
 716 000c 0000     		.2byte	0
 717 000e 0000     		.2byte	0
 718 0010 00000000 		.4byte	.LFB4
 719 0014 70000000 		.4byte	.LFE4-.LFB4
 720 0018 00000000 		.4byte	.LFB6
 721 001c 38000000 		.4byte	.LFE6-.LFB6
 722 0020 00000000 		.4byte	.LFB5
 723 0024 14000000 		.4byte	.LFE5-.LFB5
 724 0028 70000000 		.4byte	.LFB7
 725 002c 88000000 		.4byte	.LFE7-.LFB7
 726 0030 00000000 		.4byte	0
 727 0034 00000000 		.4byte	0
 728              		.section	.debug_ranges,"",%progbits
 729              	.Ldebug_ranges0:
 730 0000 00000000 		.4byte	.LFB4
 731 0004 70000000 		.4byte	.LFE4
 732 0008 00000000 		.4byte	.LFB6
 733 000c 38000000 		.4byte	.LFE6
 734 0010 00000000 		.4byte	.LFB5
 735 0014 14000000 		.4byte	.LFE5
 736 0018 70000000 		.4byte	.LFB7
 737 001c F8000000 		.4byte	.LFE7
 738 0020 00000000 		.4byte	0
 739 0024 00000000 		.4byte	0
 740              		.section	.debug_line,"",%progbits
 741              	.Ldebug_line0:
 742 0000 B8000000 		.section	.debug_str,"MS",%progbits,1
 742      02005400 
 742      00000201 
 742      FB0E0D00 
 742      01010101 
 743              	.LASF1:
 744 0000 6C6F6E67 		.ascii	"long long int\000"
 744      206C6F6E 
 744      6720696E 
 744      7400
 745              	.LASF13:
 746 000e 75696E74 		.ascii	"uint32\000"
 746      333200
 747              	.LASF22:
 748 0015 47656E65 		.ascii	"Generated_Source\\PSoC4\\cyfitter_cfg.c\000"
ARM GAS  C:\Users\ADSTRU~1\AppData\Local\Temp\ccJLa8L4.s 			page 20


 748      72617465 
 748      645F536F 
 748      75726365 
 748      5C50536F 
 749              	.LASF0:
 750 003b 756E7369 		.ascii	"unsigned int\000"
 750      676E6564 
 750      20696E74 
 750      00
 751              	.LASF12:
 752 0048 75696E74 		.ascii	"uint8\000"
 752      3800
 753              	.LASF8:
 754 004e 6C6F6E67 		.ascii	"long unsigned int\000"
 754      20756E73 
 754      69676E65 
 754      6420696E 
 754      7400
 755              	.LASF20:
 756 0060 63796669 		.ascii	"cyfitter_cfg\000"
 756      74746572 
 756      5F636667 
 756      00
 757              	.LASF9:
 758 006d 6C6F6E67 		.ascii	"long long unsigned int\000"
 758      206C6F6E 
 758      6720756E 
 758      7369676E 
 758      65642069 
 759              	.LASF14:
 760 0084 666C6F61 		.ascii	"float\000"
 760      7400
 761              	.LASF19:
 762 008a 53657441 		.ascii	"SetAnalogRoutingPumps\000"
 762      6E616C6F 
 762      67526F75 
 762      74696E67 
 762      50756D70 
 763              	.LASF26:
 764 00a0 43795379 		.ascii	"CySysClkWriteImoFreq\000"
 764      73436C6B 
 764      57726974 
 764      65496D6F 
 764      46726571 
 765              	.LASF4:
 766 00b5 756E7369 		.ascii	"unsigned char\000"
 766      676E6564 
 766      20636861 
 766      7200
 767              	.LASF11:
 768 00c3 63686172 		.ascii	"char\000"
 768      00
 769              	.LASF7:
 770 00c8 6C6F6E67 		.ascii	"long int\000"
 770      20696E74 
 770      00
 771              	.LASF23:
ARM GAS  C:\Users\ADSTRU~1\AppData\Local\Temp\ccJLa8L4.s 			page 21


 772 00d1 433A5C55 		.ascii	"C:\\Users\\adstrumwin\\Desktop\\CapSense_Tasks\\Tas"
 772      73657273 
 772      5C616473 
 772      7472756D 
 772      77696E5C 
 773 00ff 6B5F322E 		.ascii	"k_2.cydsn\000"
 773      63796473 
 773      6E00
 774              	.LASF18:
 775 0109 416E616C 		.ascii	"AnalogSetDefault\000"
 775      6F675365 
 775      74446566 
 775      61756C74 
 775      00
 776              	.LASF17:
 777 011a 436C6F63 		.ascii	"ClockSetup\000"
 777      6B536574 
 777      757000
 778              	.LASF15:
 779 0125 646F7562 		.ascii	"double\000"
 779      6C6500
 780              	.LASF16:
 781 012c 72656733 		.ascii	"reg32\000"
 781      3200
 782              	.LASF6:
 783 0132 73686F72 		.ascii	"short unsigned int\000"
 783      7420756E 
 783      7369676E 
 783      65642069 
 783      6E7400
 784              	.LASF3:
 785 0145 7369676E 		.ascii	"signed char\000"
 785      65642063 
 785      68617200 
 786              	.LASF2:
 787 0151 6C6F6E67 		.ascii	"long double\000"
 787      20646F75 
 787      626C6500 
 788              	.LASF24:
 789 015d 656E6162 		.ascii	"enabled\000"
 789      6C656400 
 790              	.LASF25:
 791 0165 72656756 		.ascii	"regValue\000"
 791      616C7565 
 791      00
 792              	.LASF5:
 793 016e 73686F72 		.ascii	"short int\000"
 793      7420696E 
 793      7400
 794              	.LASF21:
 795 0178 474E5520 		.ascii	"GNU C11 5.4.1 20160609 (release) [ARM/embedded-5-br"
 795      43313120 
 795      352E342E 
 795      31203230 
 795      31363036 
 796 01ab 616E6368 		.ascii	"anch revision 237715] -mcpu=cortex-m0plus -mthumb -"
 796      20726576 
ARM GAS  C:\Users\ADSTRU~1\AppData\Local\Temp\ccJLa8L4.s 			page 22


 796      6973696F 
 796      6E203233 
 796      37373135 
 797 01de 67202D4F 		.ascii	"g -Og -ffunction-sections -ffat-lto-objects\000"
 797      67202D66 
 797      66756E63 
 797      74696F6E 
 797      2D736563 
 798              	.LASF10:
 799 020a 73697A65 		.ascii	"sizetype\000"
 799      74797065 
 799      00
 800              		.ident	"GCC: (GNU Tools for ARM Embedded Processors) 5.4.1 20160609 (release) [ARM/embedded-5-bran
